Archive member included to satisfy reference by file (symbol)

C:/devkitPro/nitro-engine/lib\libNE.a(NE2D.o)
                              draw3d.o (NE_2DViewInit)
C:/devkitPro/nitro-engine/lib\libNE.a(NECamera.o)
                              main.o (NE_CameraCreate)
C:/devkitPro/nitro-engine/lib\libNE.a(NEFormats.o)
                              main.o (NE_MaterialTexLoadBMPtoRGB256)
C:/devkitPro/nitro-engine/lib\libNE.a(NEGeneral.o)
                              main.o (NE_InitDual3D)
C:/devkitPro/nitro-engine/lib\libNE.a(NEGUI.o)
                              C:/devkitPro/nitro-engine/lib\libNE.a(NEGeneral.o) (NE_GUIUpdate)
C:/devkitPro/nitro-engine/lib\libNE.a(NEModel.o)
                              main.o (NE_ModelCreate)
C:/devkitPro/nitro-engine/lib\libNE.a(NEPalette.o)
                              main.o (NE_PaletteCreate)
C:/devkitPro/nitro-engine/lib\libNE.a(NEPhysics.o)
                              main.o (NE_PhysicsCreate)
C:/devkitPro/nitro-engine/lib\libNE.a(NEPolygon.o)
                              draw3d.o (NE_PolyColor)
C:/devkitPro/nitro-engine/lib\libNE.a(NEText.o)
                              C:/devkitPro/nitro-engine/lib\libNE.a(NEGeneral.o) (NE_TextPriorityReset)
C:/devkitPro/nitro-engine/lib\libNE.a(NETexture.o)
                              main.o (NE_MaterialCreate)
C:/devkitPro/nitro-engine/lib\libNE.a(NEAlloc.o)
                              C:/devkitPro/nitro-engine/lib\libNE.a(NEPalette.o) (NE_AllocInit)
C:/devkitPro/nitro-engine/lib\libNE.a(NEFAT.o)
                              C:/devkitPro/nitro-engine/lib\libNE.a(NEFormats.o) (NE_FATLoadData)
C:/devkitPro/libnds/lib\libnds9.a(video.o)
                              C:/devkitPro/nitro-engine/lib\libNE.a(NETexture.o) (vramSetPrimaryBanks)
C:/devkitPro/libnds/lib\libnds9.a(touch.o)
                              main.o (touchRead)
C:/devkitPro/libnds/lib\libnds9.a(sassert.o)
                              C:/devkitPro/nitro-engine/lib\libNE.a(NEModel.o) (__sassert)
C:/devkitPro/libnds/lib\libnds9.a(system.o)
                              C:/devkitPro/nitro-engine/lib\libNE.a(NEGeneral.o) (powerOn)
C:/devkitPro/libnds/lib\libnds9.a(console.o)
                              C:/devkitPro/nitro-engine/lib\libNE.a(NEGeneral.o) (consoleInit)
C:/devkitPro/libnds/lib\libnds9.a(trig.o)
                              C:/devkitPro/nitro-engine/lib\libNE.a(NE2D.o) (sinLerp)
C:/devkitPro/libnds/lib\libnds9.a(keys.o)
                              main.o (scanKeys)
C:/devkitPro/libnds/lib\libnds9.a(initSystem.o)
                              c:/devkitpro/devkitarm/bin/../lib/gcc/arm-none-eabi/10.2.0/../../../../arm-none-eabi/lib/ds_arm9_crt0.o (initSystem)
C:/devkitPro/libnds/lib\libnds9.a(timeSupport.o)
                              C:/devkitPro/libnds/lib\libnds9.a(initSystem.o) (__libnds_gtod)
C:/devkitPro/libnds/lib\libnds9.a(securearea.o)
                              c:/devkitpro/devkitarm/bin/../lib/gcc/arm-none-eabi/10.2.0/../../../../arm-none-eabi/lib/ds_arm9_crt0.o (__secure_area__)
C:/devkitPro/libnds/lib\libnds9.a(interrupts.o)
                              main.o (irqSet)
C:/devkitPro/libnds/lib\libnds9.a(libnds_exit.arm.o)
                              c:/devkitpro/devkitarm/bin/../lib/gcc/arm-none-eabi/10.2.0/../../../../arm-none-eabi/lib/ds_arm9_crt0.o (__libnds_exit)
C:/devkitPro/libnds/lib\libnds9.a(fifosystem.o)
                              C:/devkitPro/libnds/lib\libnds9.a(initSystem.o) (fifoSetValue32Handler)
C:/devkitPro/libnds/lib\libnds9.a(dcache.o)
                              C:/devkitPro/nitro-engine/lib\libNE.a(NEFAT.o) (DC_FlushAll)
C:/devkitPro/libnds/lib\libnds9.a(mpu_setup.o)
                              c:/devkitpro/devkitarm/bin/../lib/gcc/arm-none-eabi/10.2.0/../../../../arm-none-eabi/lib/ds_arm9_crt0.o (__libnds_mpu_setup)
C:/devkitPro/libnds/lib\libnds9.a(IntrWait.o)
                              C:/devkitPro/nitro-engine/lib\libNE.a(NEGeneral.o) (swiWaitForVBlank)
C:/devkitPro/libnds/lib\libnds9.a(cpu_clock.o)
                              C:/devkitPro/libnds/lib\libnds9.a(initSystem.o) (setCpuClock)
C:/devkitPro/libnds/lib\libnds9.a(interruptDispatcher.o)
                              C:/devkitPro/libnds/lib\libnds9.a(interrupts.o) (IntrMain)
C:/devkitPro/libnds/lib\libnds9.a(debugprint.o)
                              C:/devkitPro/libnds/lib\libnds9.a(console.o) (nocashWrite)
C:/devkitPro/libnds/lib\libnds9.a(swiSoftReset.o)
                              C:/devkitPro/libnds/lib\libnds9.a(fifosystem.o) (swiSoftReset)
C:/devkitPro/libnds/lib\libnds9.a(biosCalls.o)
                              C:/devkitPro/libnds/lib\libnds9.a(system.o) (swiDelay)
C:/devkitPro/libnds/lib\libnds9.a(default_font.bin.o)
                              C:/devkitPro/libnds/lib\libnds9.a(console.o) (default_font_bin)
C:/devkitPro/libnds/lib\libnds9.a(background.o)
                              C:/devkitPro/libnds/lib\libnds9.a(console.o) (bgState)
[...]
Memory Configuration

Name             Origin             Length             Attributes
ewram            0x0000000002000000 0x0000000000380000
dtcm             0x0000000002ff0000 0x0000000000004000
vectors          0x0000000001000000 0x0000000000000100
itcm             0x0000000001000100 0x0000000000007f00
*default*        0x0000000000000000 0xffffffffffffffff

Linker script and memory map

                0x0000000002380000                __ewram_end = (ORIGIN (ewram) + LENGTH (ewram))
                0x0000000002380000                __eheap_end = (ORIGIN (ewram) + LENGTH (ewram))
                0x0000000002ff4000                __dtcm_top = (ORIGIN (dtcm) + LENGTH (dtcm))
                0x0000000002ff3ff8                __irq_flags = (__dtcm_top - 0x8)
                0x0000000002ff3ffc                __irq_vector = (__dtcm_top - 0x4)
                0x0000000002ff3f00                __sp_svc = (__dtcm_top - 0x100)
                0x0000000002ff3e00                __sp_irq = (__sp_svc - 0x100)
                0x0000000002ff3d00                __sp_usr = (__sp_irq - 0x100)

.secure         0x0000000002000000      0x800
 *(.secure)
 .secure        0x0000000002000000      0x800 C:/devkitPro/libnds/lib\libnds9.a(securearea.o)
                0x0000000002000000                __secure_area__

.crt0           0x0000000002000800      0x300
                0x0000000002000800                __text_start = .
 *(.crt0)
 .crt0          0x0000000002000800      0x300 c:/devkitpro/devkitarm/bin/../lib/gcc/arm-none-eabi/10.2.0/../../../../arm-none-eabi/lib/ds_arm9_crt0.o
                0x0000000002000800                _start
                0x0000000002000b00                . = ALIGN (0x4)

.plt
 *(.plt)

.init           0x0000000002000b00       0x18
 *(SORT_NONE(.init))
 .init          0x0000000002000b00        0xc c:/devkitpro/devkitarm/bin/../lib/gcc/arm-none-eabi/10.2.0/crti.o
                0x0000000002000b00                _init
 .init          0x0000000002000b0c        0xc c:/devkitpro/devkitarm/bin/../lib/gcc/arm-none-eabi/10.2.0/crtn.o

.text           0x0000000002000b18    0x2f3f0
 *(EXCLUDE_FILE(*.twl* *.vectors* *.itcm*) .text)
 .text          0x0000000002000b18      0x9fc draw3d.o
                0x0000000002000b18                Draw3DScene
                0x0000000002001218                drawEastFace
                0x000000000200129c                drawWestFace
                0x0000000002001324                drawNorthFace
                0x00000000020013a0                drawSouthFace
                0x000000000200141c                drawUpFace
                0x0000000002001498                drawDownFace
 .text          0x0000000002001514     0x3580 main.o
                0x0000000002001d1c                initBlock
                0x0000000002001e24                generateCollisions
                0x0000000002001f80                UpdateLookRotation
                0x00000000020020cc                getHitDistance
                0x0000000002002258                raycast
                0x0000000002002a54                sign
                0x0000000002002acc                PointInTriangleInt
                0x0000000002002cd4                readKeys
                0x0000000002002d10                RotatePlayer
                0x0000000002002dd8                MovePlayer
                0x0000000002002f60                getIndexOrder
                0x0000000002002fbc                getVerified
                0x0000000002003018                setVerified
                0x000000000200307c                getChunck
                0x00000000020030e4                setChunck
                0x0000000002003148                makeGreedy
 .text          0x0000000002004a94     0x319c noise.o
                0x0000000002004a94                grad1
                0x0000000002004ad0                grad2
                0x0000000002004b54                grad3
                0x0000000002004ba0                grad4
                0x0000000002004bf8                noise1
                0x0000000002004d50                pnoise1
                0x0000000002004ec8                noise2
                0x00000000020052c8                pnoise2
                0x0000000002005720                noise3
                0x0000000002005d30                pnoise3
                0x00000000020063c0                noise4
                0x0000000002006fb4                pnoise4
 .text          0x0000000002007c30      0xf74 C:/devkitPro/nitro-engine/lib\libNE.a(NE2D.o)
                0x0000000002007c30                NE_SpriteCreate
                0x0000000002007d38                NE_SpriteSetPos
                0x0000000002007d98                NE_SpriteSetSize
                0x0000000002007df8                NE_SpriteSetRot
                0x0000000002007e4c                NE_SpriteSetScaleI
                0x0000000002007ea0                NE_SpriteSetMaterial
                0x0000000002007f30                NE_SpriteSetPriority
                0x0000000002007f84                NE_SpriteVisible
                0x0000000002007fd8                NE_SpriteSetParams
                0x00000000020080ac                NE_SpriteDelete
                0x0000000002008160                NE_SpriteDeleteAll
                0x000000000200818c                NE_SpriteSystemReset
                0x0000000002008228                NE_SpriteSystemEnd
                0x0000000002008260                NE_2DViewInit
                0x0000000002008420                NE_2DViewRotateScaleByPositionI
                0x0000000002008488                NE_2DViewRotateByPosition
                0x00000000020084d8                NE_2DViewScaleByPositionI
                0x0000000002008504                NE_2DDrawQuad
                0x0000000002008558                NE_2DDrawQuadGradient
                0x00000000020085b8                NE_2DDrawTexturedQuad
                0x00000000020086f4                NE_2DDrawTexturedQuadColor
                0x000000000200883c                NE_SpriteDraw
                0x0000000002008948                NE_SpriteDrawAll
                0x0000000002008a50                NE_2DDrawTexturedQuadGradient
 .text          0x0000000002008ba4     0x199c C:/devkitPro/nitro-engine/lib\libNE.a(NECamera.o)
                0x0000000002008e18                NE_CameraCreate
                0x0000000002008ee8                NE_CameraSetI
                0x0000000002008f70                NE_CameraUse
                0x00000000020094b4                NE_CameraMoveFreeI
                0x0000000002009a60                NE_CameraMoveI
                0x0000000002009aec                NE_CameraRotate
                0x0000000002009d24                NE_CameraRotateAxisI
                0x0000000002009dd4                NE_CameraRotateFree
                0x000000000200a2dc                NE_CameraDelete
                0x000000000200a3c4                NE_CameraSystemReset
                0x000000000200a440                NE_CameraSystemEnd
                0x000000000200a454                NE_ViewPush
                0x000000000200a460                NE_ViewPop
                0x000000000200a46c                NE_ViewMoveI
                0x000000000200a47c                NE_ViewRotate
                0x000000000200a530                NE_ViewScaleI
 .text          0x000000000200a540      0xd08 C:/devkitPro/nitro-engine/lib\libNE.a(NEFormats.o)
                0x000000000200a540                NE_MaterialTexLoadBMPtoRGBA
                0x000000000200aa60                NE_FATMaterialTexLoadBMPtoRGBA
                0x000000000200ab1c                NE_MaterialTexLoadBMPtoRGB256
                0x000000000200b144                NE_FATMaterialTexLoadBMPtoRGB256
 .text          0x000000000200b248     0x12d4 C:/devkitPro/nitro-engine/lib\libNE.a(NEGeneral.o)
                0x000000000200b248                __ne_debugoutputtoconsole
                0x000000000200b550                NE_End
                0x000000000200b564                NE_Viewport
                0x000000000200b7e4                NE_SetFov
                0x000000000200b7f0                NE_SwapScreens
                0x000000000200b808                NE_UpdateInput
                0x000000000200b834                NE_Init3D
                0x000000000200b8f4                NE_InitDual3D
                0x000000000200ba9c                NE_InitConsole
                0x000000000200bb00                NE_SetConsoleColor
                0x000000000200bb0c                NE_Process
                0x000000000200bc0c                NE_ProcessDual
                0x000000000200be3c                NE_ClippingPlanesSetI
                0x000000000200bec4                NE_AntialiasEnable
                0x000000000200bee0                NE_GetPolygonCount
                0x000000000200befc                NE_GetVertexCount
                0x000000000200bf18                NE_VBLFunc
                0x000000000200bf44                NE_SpecialEffectPause
                0x000000000200bf98                NE_HBLFunc
                0x000000000200c028                NE_SpecialEffectNoiseConfig
                0x000000000200c034                NE_SpecialEffectSineConfig
                0x000000000200c040                NE_SpecialEffectSet
                0x000000000200c064                NE_WaitForVBL
                0x000000000200c0ec                NE_GetCPUPercent
                0x000000000200c0f8                NE_GPUIsRendering
                0x000000000200c114                __NE_debugprint
                0x000000000200c12c                NE_DebugSetHandler
                0x000000000200c138                NE_DebugSetHandlerConsole
                0x000000000200c1a8                NE_TouchTestStart
                0x000000000200c300                NE_TouchTestObject
                0x000000000200c3ac                NE_TouchTestResult
                0x000000000200c468                NE_TouchTestEnd
 .text          0x000000000200c51c     0x1944 C:/devkitPro/nitro-engine/lib\libNE.a(NEGUI.o)
                0x000000000200c584                NE_GUIUpdate
                0x000000000200cb14                NE_GUIDraw
                0x000000000200cf88                NE_GUIButtonCreate
                0x000000000200d0e0                NE_GUICheckBoxCreate
                0x000000000200d240                NE_GUIRadioButtonCreate
                0x000000000200d3b8                NE_GUISlideBarCreate
                0x000000000200d62c                NE_GUIButtonConfig
                0x000000000200d6e4                NE_GUICheckBoxConfig
                0x000000000200d798                NE_GUIRadioButtonConfig
                0x000000000200d854                NE_GUISlideBarConfig
                0x000000000200d918                NE_GUISlideBarSetMinMax
                0x000000000200da68                NE_GUIObjectGetEvent
                0x000000000200db24                NE_GUICheckBoxGetValue
                0x000000000200dbb8                NE_GUIRadioButtonGetValue
                0x000000000200dc50                NE_GUISlideBarGetValue
                0x000000000200dce4                NE_GUIDeleteObject
                0x000000000200dda4                NE_GUIDeleteAll
                0x000000000200ddb8                NE_GUISystemReset
                0x000000000200de40                NE_GUISystemEnd
 .text          0x000000000200de60     0x1800 C:/devkitPro/nitro-engine/lib\libNE.a(NEModel.o)
                0x000000000200df38                NE_ModelCreate
                0x000000000200e06c                NE_ModelDelete
                0x000000000200e080                NE_ModelLoadStaticMeshFAT
                0x000000000200e228                NE_ModelLoadStaticMesh
                0x000000000200e378                NE_ModelSetMaterial
                0x000000000200e410                NE_ModelDraw
                0x000000000200e948                NE_ModelClone
                0x000000000200ea3c                NE_ModelScaleI
                0x000000000200eaa8                NE_ModelTranslateI
                0x000000000200eb1c                NE_ModelSetCoordI
                0x000000000200eb88                NE_ModelRotate
                0x000000000200ec08                NE_ModelSetRot
                0x000000000200ec74                NE_ModelAnimStart
                0x000000000200ed60                NE_ModelAnimSetSpeed
                0x000000000200ee18                NE_ModelAnimateAll
                0x000000000200ef20                NE_ModelAnimSetFrameSpeed
                0x000000000200efcc                NE_ModelAnimGetFrame
                0x000000000200f060                NE_ModelAnimSetFrame
                0x000000000200f100                NE_ModelAnimInterpolate
                0x000000000200f198                NE_ModelLoadNEAFAT
                0x000000000200f384                NE_ModelLoadNEA
                0x000000000200f52c                NE_ModelDeleteAll
                0x000000000200f560                NE_ModelSystemReset
                0x000000000200f61c                NE_ModelSystemEnd
 .text          0x000000000200f660      0x96c C:/devkitPro/nitro-engine/lib\libNE.a(NEPalette.o)
                0x000000000200f908                NE_PaletteCreate
                0x000000000200f9d4                NE_PaletteLoadFAT
                0x000000000200fb38                NE_PaletteLoad
                0x000000000200fb50                NE_PaletteDelete
                0x000000000200fb64                NE_PaletteUse
                0x000000000200fc1c                NE_PaletteSystemReset
                0x000000000200fd10                NE_PaletteFreeMem
                0x000000000200fd30                NE_PaletteFreeMemPercent
                0x000000000200fd50                NE_PaletteDefragMem
                0x000000000200fda0                NE_PaletteSystemEnd
                0x000000000200fdb4                NE_PaletteModificationStart
                0x000000000200feb0                NE_PaletteRGB256SetColor
                0x000000000200ff64                NE_PaletteModificationEnd
 .text          0x000000000200ffcc     0x102c C:/devkitPro/nitro-engine/lib\libNE.a(NEPhysics.o)
                0x0000000002010664                NE_PhysicsCreate
                0x00000000020107a0                NE_PhysicsDelete
                0x00000000020107b4                NE_PhysicsDeleteAll
                0x00000000020107e8                NE_PhysicsSystemReset
                0x000000000201088c                NE_PhysicsSystemEnd
                0x00000000020108cc                NE_PhysicsSetRadiusI
                0x0000000002010994                NE_PhysicsSetSpeedI
                0x00000000020109fc                NE_PhysicsSetSizeI
                0x0000000002010adc                NE_PhysicsSetGravityI
                0x0000000002010b30                NE_PhysicsSetFrictionI
                0x0000000002010bc0                NE_PhysicsSetBounceEnergy
                0x0000000002010c50                NE_PhysicsEnable
                0x0000000002010ca4                NE_PhysicsSetModel
                0x0000000002010d3c                NE_PhysicsSetGroup
                0x0000000002010da0                NE_PhysicsOnCollision
                0x0000000002010df4                NE_PhysicsIsColliding
                0x0000000002010e48                NE_PhysicsUpdateAll
                0x0000000002010e7c                NE_PhysicsUpdate
                0x0000000002010e90                NE_PhysicsCheckCollision
 .text          0x0000000002010ff8      0x534 C:/devkitPro/nitro-engine/lib\libNE.a(NEPolygon.o)
                0x0000000002010ff8                NE_PolyColor
                0x0000000002011004                NE_LightOff
                0x0000000002011060                NE_LightSetColor
                0x00000000020110b8                NE_LightSetI
                0x000000000201113c                NE_PolyBegin
                0x0000000002011148                NE_PolyEnd
                0x0000000002011154                NE_PolyNormalI
                0x0000000002011174                NE_PolyVertexI
                0x000000000201118c                NE_PolyTexCoord
                0x00000000020111a0                NE_PolyFormat
                0x0000000002011248                NE_OutliningEnable
                0x0000000002011264                NE_OutliningSetColor
                0x00000000020112c4                NE_ShadingEnable
                0x0000000002011308                NE_ToonHighlightEnable
                0x0000000002011324                NE_FogEnable
                0x0000000002011388                NE_FogEnableBackground
                0x00000000020113b0                NE_FogDisable
                0x00000000020113c4                NE_ClearColorSet
                0x000000000201147c                NE_ClearBMPEnable
                0x0000000002011518                NE_ClearBMPScroll
 .text          0x000000000201152c      0x650 C:/devkitPro/nitro-engine/lib\libNE.a(NEText.o)
                0x00000000020115e4                NE_TextPrioritySet
                0x00000000020115f0                NE_TextPriorityReset
                0x00000000020115fc                NE_TextInit
                0x00000000020116a4                NE_TextEnd
                0x0000000002011704                NE_TextResetSystem
                0x0000000002011720                NE_TextPrint
                0x000000000201181c                NE_TextPrintBox
                0x0000000002011964                NE_TextPrintFree
                0x0000000002011a44                NE_TextPrintBoxFree
 .text          0x0000000002011b7c     0x19b4 C:/devkitPro/nitro-engine/lib\libNE.a(NETexture.o)
                0x0000000002011ca8                NE_MaterialCreate
                0x0000000002011cc4                NE_MaterialColorSet
                0x0000000002011d18                NE_MaterialColorDelete
                0x0000000002011d70                NE_MaterialTexClone
                0x0000000002011e60                NE_MaterialTexSetPal
                0x0000000002011f50                NE_MaterialUse
                0x0000000002012050                NE_TextureSystemReset
                0x000000000201230c                NE_MaterialDelete
                0x00000000020123f4                NE_MaterialTexLoad
                0x0000000002012af0                NE_MaterialTexLoadFAT
                0x0000000002012c44                NE_TextureFreeMem
                0x0000000002012c68                NE_TextureFreeMemPercent
                0x0000000002012c8c                NE_TextureDefragMem
                0x0000000002012cdc                NE_TextureSystemEnd
                0x0000000002012cf4                __NE_TextureGetRawX
                0x0000000002012da4                __NE_TextureGetRawY
                0x0000000002012e54                NE_TextureGetRealSizeX
                0x0000000002012efc                NE_TextureGetRealSizeY
                0x0000000002012fa4                NE_TextureGetSizeX
                0x0000000002013054                NE_TextureGetSizeY
                0x0000000002013104                NE_MaterialSetPropierties
                0x0000000002013194                NE_MaterialSetDefaultPropierties
                0x00000000020131d4                NE_TextureDrawingStart
                0x0000000002013308                NE_TexturePutPixelRGBA
                0x00000000020133d8                NE_TexturePutPixelRGB256
                0x00000000020134c8                NE_TextureDrawingEnd
 .text          0x0000000002013530      0x8a4 C:/devkitPro/nitro-engine/lib\libNE.a(NEAlloc.o)
                0x0000000002013530                NE_AllocInit
                0x0000000002013614                NE_AllocEnd
                0x0000000002013670                NE_Alloc
                0x00000000020139bc                NE_Free
                0x0000000002013b5c                NE_Lock
                0x0000000002013bc0                NE_Unlock
                0x0000000002013c2c                NE_MemGetInformation
 .text          0x0000000002013dd4      0x350 C:/devkitPro/nitro-engine/lib\libNE.a(NEFAT.o)
                0x0000000002013dd4                NE_FATLoadData
                0x0000000002013e88                NE_FATFileSize
                0x0000000002013ef8                NE_ScreenshotBMP
 .text          0x0000000002014124      0x114 c:/devkitpro/devkitarm/bin/../lib/gcc/arm-none-eabi/10.2.0\libgcc.a(_udivsi3.o)
                0x0000000002014124                __aeabi_uidiv
                0x0000000002014124                __udivsi3
                0x0000000002014218                __aeabi_uidivmod
 .text          0x0000000002014238      0x148 c:/devkitpro/devkitarm/bin/../lib/gcc/arm-none-eabi/10.2.0\libgcc.a(_divsi3.o)
                0x0000000002014238                __divsi3
                0x0000000002014238                __aeabi_idiv
                0x0000000002014360                __aeabi_idivmod
 .text          0x0000000002014380        0x4 c:/devkitpro/devkitarm/bin/../lib/gcc/arm-none-eabi/10.2.0\libgcc.a(_dvmd_tls.o)
                0x0000000002014380                __aeabi_idiv0
                0x0000000002014380                __aeabi_ldiv0
 .text          0x0000000002014384      0x424 c:/devkitpro/devkitarm/bin/../lib/gcc/arm-none-eabi/10.2.0\libgcc.a(_arm_addsubdf3.o)
                0x0000000002014384                __aeabi_drsub
                0x000000000201438c                __aeabi_dsub
                0x000000000201438c                __subdf3
                0x0000000002014390                __aeabi_dadd
                0x0000000002014390                __adddf3
                0x00000000020146a0                __floatunsidf
                0x00000000020146a0                __aeabi_ui2d
                0x00000000020146c4                __floatsidf
                0x00000000020146c4                __aeabi_i2d
                0x00000000020146ec                __aeabi_f2d
                0x00000000020146ec                __extendsfdf2
                0x0000000002014734                __floatundidf
                0x0000000002014734                __aeabi_ul2d
                0x0000000002014748                __floatdidf
                0x0000000002014748                __aeabi_l2d
 .text          0x00000000020147a8      0x144 c:/devkitpro/devkitarm/bin/../lib/gcc/arm-none-eabi/10.2.0\libgcc.a(_arm_cmpdf2.o)
                0x00000000020147a8                __gtdf2
                0x00000000020147a8                __gedf2
                0x00000000020147b0                __ltdf2
                0x00000000020147b0                __ledf2
                0x00000000020147b8                __nedf2
                0x00000000020147b8                __eqdf2
                0x00000000020147b8                __cmpdf2
                0x0000000002014840                __aeabi_cdrcmple
                0x000000000201485c                __aeabi_cdcmpeq
                0x000000000201485c                __aeabi_cdcmple
                0x0000000002014874                __aeabi_dcmpeq
                0x000000000201488c                __aeabi_dcmplt
                0x00000000020148a4                __aeabi_dcmple
                0x00000000020148bc                __aeabi_dcmpge
                0x00000000020148d4                __aeabi_dcmpgt
 .text          0x00000000020148ec       0x5c c:/devkitpro/devkitarm/bin/../lib/gcc/arm-none-eabi/10.2.0\libgcc.a(_arm_fixdfsi.o)
                0x00000000020148ec                __aeabi_d2iz
                0x00000000020148ec                __fixdfsi
 .text          0x0000000002014948       0xa0 c:/devkitpro/devkitarm/bin/../lib/gcc/arm-none-eabi/10.2.0\libgcc.a(_arm_truncdfsf2.o)
                0x0000000002014948                __truncdfsf2
                0x0000000002014948                __aeabi_d2f
 .text          0x00000000020149e8      0x2ac c:/devkitpro/devkitarm/bin/../lib/gcc/arm-none-eabi/10.2.0\libgcc.a(_arm_addsubsf3.o)
                0x00000000020149e8                __aeabi_frsub
                0x00000000020149f0                __subsf3
                0x00000000020149f0                __aeabi_fsub
                0x00000000020149f4                __aeabi_fadd
                0x00000000020149f4                __addsf3
                0x0000000002014bb0                __aeabi_ui2f
                0x0000000002014bb0                __floatunsisf
                0x0000000002014bb8                __aeabi_i2f
                0x0000000002014bb8                __floatsisf
                0x0000000002014bd8                __aeabi_ul2f
                0x0000000002014bd8                __floatundisf
                0x0000000002014be8                __aeabi_l2f
                0x0000000002014be8                __floatdisf
 .text          0x0000000002014c94      0x2f8 c:/devkitpro/devkitarm/bin/../lib/gcc/arm-none-eabi/10.2.0\libgcc.a(_arm_muldivsf3.o)
                0x0000000002014c94                __mulsf3
                0x0000000002014c94                __aeabi_fmul
                0x0000000002014e2c                __aeabi_fdiv
                0x0000000002014e2c                __divsf3
 .text          0x0000000002014f8c      0x114 c:/devkitpro/devkitarm/bin/../lib/gcc/arm-none-eabi/10.2.0\libgcc.a(_arm_cmpsf2.o)
                0x0000000002014f8c                __gesf2
                0x0000000002014f8c                __gtsf2
                0x0000000002014f94                __lesf2
                0x0000000002014f94                __ltsf2
                0x0000000002014f9c                __nesf2
                0x0000000002014f9c                __eqsf2
                0x0000000002014f9c                __cmpsf2
                0x0000000002015000                __aeabi_cfrcmple
                0x0000000002015010                __aeabi_cfcmpeq
                0x0000000002015010                __aeabi_cfcmple
                0x0000000002015028                __aeabi_fcmpeq
                0x0000000002015040                __aeabi_fcmplt
                0x0000000002015058                __aeabi_fcmple
                0x0000000002015070                __aeabi_fcmpge
                0x0000000002015088                __aeabi_fcmpgt
 .text          0x00000000020150a0       0x5c c:/devkitpro/devkitarm/bin/../lib/gcc/arm-none-eabi/10.2.0\libgcc.a(_arm_fixsfsi.o)
                0x00000000020150a0                __aeabi_f2iz
                0x00000000020150a0                __fixsfsi
 .text          0x00000000020150fc      0x224 c:/devkitpro/devkitarm/bin/../lib/gcc/arm-none-eabi/10.2.0/../../../../arm-none-eabi/lib\libg.a(lib_a-strcmp.o)
                0x00000000020150fc                strcmp
 .text          0x0000000002015320      0x49c c:/devkitpro/devkitarm/bin/../lib/gcc/arm-none-eabi/10.2.0\libgcc.a(_arm_muldivdf3.o)
                0x0000000002015320                __aeabi_dmul
                0x0000000002015320                __muldf3
                0x00000000020155b0                __divdf3
                0x00000000020155b0                __aeabi_ddiv
 .text          0x00000000020157bc       0x38 c:/devkitpro/devkitarm/bin/../lib/gcc/arm-none-eabi/10.2.0\libgcc.a(_arm_unorddf2.o)
                0x00000000020157bc                __unorddf2
                0x00000000020157bc                __aeabi_dcmpun
 .text          0x00000000020157f4       0x3c c:/devkitpro/devkitarm/bin/../lib/gcc/arm-none-eabi/10.2.0\libgcc.a(_aeabi_uldivmod.o)
                0x00000000020157f4                __aeabi_uldivmod
 .text          0x0000000002015830       0x28 c:/devkitpro/devkitarm/bin/../lib/gcc/arm-none-eabi/10.2.0\libgcc.a(_clzdi2.o)
                0x0000000002015830                __clzdi2
 .text          0x0000000002015858       0x48 c:/devkitpro/devkitarm/bin/../lib/gcc/arm-none-eabi/10.2.0\libgcc.a(_clzsi2.o)
                0x0000000002015858                __clzsi2
 *(EXCLUDE_FILE(*.twl* *.vectors* *.itcm*) .stub)
 *(EXCLUDE_FILE(*.twl* *.vectors* *.itcm*) .text.*)
 .text.__do_global_dtors_aux
                0x00000000020158a0       0x40 c:/devkitpro/devkitarm/bin/../lib/gcc/arm-none-eabi/10.2.0/crtbegin.o
 .text.frame_dummy
                0x00000000020158e0       0x30 c:/devkitpro/devkitarm/bin/../lib/gcc/arm-none-eabi/10.2.0/crtbegin.o
 .text.startup  0x0000000002015910      0xadc main.o
                0x0000000002015910                main
 .text.vramSetPrimaryBanks
                0x00000000020163ec       0x44 C:/devkitPro/libnds/lib\libnds9.a(video.o)
                0x00000000020163ec                vramSetPrimaryBanks
 .text.vramRestorePrimaryBanks
                0x0000000002016430        0xc C:/devkitPro/libnds/lib\libnds9.a(video.o)
                0x0000000002016430                vramRestorePrimaryBanks
 .text.vramDefault
                0x000000000201643c       0xd0 C:/devkitPro/libnds/lib\libnds9.a(video.o)
                0x000000000201643c                vramDefault
 .text.touchRead
                0x000000000201650c       0x24 C:/devkitPro/libnds/lib\libnds9.a(touch.o)
                0x000000000201650c                touchRead
 .text.__sassert
                0x0000000002016530       0x38 C:/devkitPro/libnds/lib\libnds9.a(sassert.o)
                0x0000000002016530                __sassert
 .text.systemValueHandler
                0x0000000002016568       0x48 C:/devkitPro/libnds/lib\libnds9.a(system.o)
                0x0000000002016568                systemValueHandler
 .text.systemMsgHandler
                0x00000000020165b0       0x60 C:/devkitPro/libnds/lib\libnds9.a(system.o)
                0x00000000020165b0                systemMsgHandler
 .text.powerOn  0x0000000002016610       0x2c C:/devkitPro/libnds/lib\libnds9.a(system.o)
                0x0000000002016610                powerOn
 .text.powerOff
                0x000000000201663c       0x28 C:/devkitPro/libnds/lib\libnds9.a(system.o)
                0x000000000201663c                powerOff
 .text.newRow   0x0000000002016664       0xb0 C:/devkitPro/libnds/lib\libnds9.a(console.o)
 .text.consolePrintChar
                0x0000000002016714       0xec C:/devkitPro/libnds/lib\libnds9.a(console.o)
                0x0000000002016714                consolePrintChar
 .text.con_write
                0x0000000002016800      0x374 C:/devkitPro/libnds/lib\libnds9.a(console.o)
                0x0000000002016800                con_write
 .text.consoleLoadFont
                0x0000000002016b74      0x2a8 C:/devkitPro/libnds/lib\libnds9.a(console.o)
                0x0000000002016b74                consoleLoadFont
 .text.consoleInit
                0x0000000002016e1c      0x194 C:/devkitPro/libnds/lib\libnds9.a(console.o)
                0x0000000002016e1c                consoleInit
 .text.consoleDemoInit
                0x0000000002016fb0       0x40 C:/devkitPro/libnds/lib\libnds9.a(console.o)
                0x0000000002016fb0                consoleDemoInit
 .text.sinLutLookup
                0x0000000002016ff0       0x38 C:/devkitPro/libnds/lib\libnds9.a(trig.o)
                0x0000000002016ff0                sinLutLookup
 .text.sinLerp  0x0000000002017028       0x40 C:/devkitPro/libnds/lib\libnds9.a(trig.o)
                0x0000000002017028                sinLerp
 .text.cosLerp  0x0000000002017068       0x4c C:/devkitPro/libnds/lib\libnds9.a(trig.o)
                0x0000000002017068                cosLerp
 .text.tanLerp  0x00000000020170b4       0xa4 C:/devkitPro/libnds/lib\libnds9.a(trig.o)
                0x00000000020170b4                tanLerp
 .text.scanKeys
                0x0000000002017158       0x8c C:/devkitPro/libnds/lib\libnds9.a(keys.o)
                0x0000000002017158                scanKeys
 .text.keysHeld
                0x00000000020171e4        0xc C:/devkitPro/libnds/lib\libnds9.a(keys.o)
                0x00000000020171e4                keysHeld
 .text.keysDown
                0x00000000020171f0       0x14 C:/devkitPro/libnds/lib\libnds9.a(keys.o)
                0x00000000020171f0                keysDown
 .text.keysUp   0x0000000002017204       0x18 C:/devkitPro/libnds/lib\libnds9.a(keys.o)
                0x0000000002017204                keysUp
 .text.initSystem
                0x000000000201721c      0x198 C:/devkitPro/libnds/lib\libnds9.a(initSystem.o)
                0x000000000201721c                initSystem
 .text.__libnds_gtod
                0x00000000020173b4       0x28 C:/devkitPro/libnds/lib\libnds9.a(timeSupport.o)
                0x00000000020173b4                __libnds_gtod
 .text.irqDummy
                0x00000000020173dc        0x4 C:/devkitPro/libnds/lib\libnds9.a(interrupts.o)
                0x00000000020173dc                irqDummy
 .text.irqSet   0x00000000020173e0       0x6c C:/devkitPro/libnds/lib\libnds9.a(interrupts.o)
                0x00000000020173e0                irqSet
 .text.irqInit  0x000000000201744c       0x50 C:/devkitPro/libnds/lib\libnds9.a(interrupts.o)
                0x000000000201744c                irqInit
 .text.irqEnable
                0x000000000201749c       0x64 C:/devkitPro/libnds/lib\libnds9.a(interrupts.o)
                0x000000000201749c                irqEnable
 .text.systemErrorExit
                0x0000000002017500        0x4 C:/devkitPro/libnds/lib\libnds9.a(libnds_exit.arm.o)
                0x0000000002017500                systemErrorExit
 .text.__libnds_exit
                0x0000000002017504       0x5c C:/devkitPro/libnds/lib\libnds9.a(libnds_exit.arm.o)
                0x0000000002017504                __libnds_exit
 .text.fifo_queueBlock
                0x0000000002017560       0x44 C:/devkitPro/libnds/lib\libnds9.a(fifosystem.o)
 .text.fifo_waitBlock
                0x00000000020175a4       0x80 C:/devkitPro/libnds/lib\libnds9.a(fifosystem.o)
 .text.fifoInternalSend.part.0
                0x0000000002017624       0xd4 C:/devkitPro/libnds/lib\libnds9.a(fifosystem.o)
 .text.fifoInternalSendInterrupt
                0x00000000020176f8       0xa8 C:/devkitPro/libnds/lib\libnds9.a(fifosystem.o)
 .text.fifoSetValue32Handler
                0x00000000020177a0       0xd8 C:/devkitPro/libnds/lib\libnds9.a(fifosystem.o)
                0x00000000020177a0                fifoSetValue32Handler
 .text.fifoSendValue32
                0x0000000002017878       0x4c C:/devkitPro/libnds/lib\libnds9.a(fifosystem.o)
                0x0000000002017878                fifoSendValue32
 .text.fifoGetDatamsg
                0x00000000020178c4       0xf4 C:/devkitPro/libnds/lib\libnds9.a(fifosystem.o)
                0x00000000020178c4                fifoGetDatamsg
 .text.fifoInternalRecvInterrupt
                0x00000000020179b8      0x380 C:/devkitPro/libnds/lib\libnds9.a(fifosystem.o)
 .text.fifoSetDatamsgHandler
                0x0000000002017d38       0x9c C:/devkitPro/libnds/lib\libnds9.a(fifosystem.o)
                0x0000000002017d38                fifoSetDatamsgHandler
 .text.fifoInit
                0x0000000002017dd4       0xf8 C:/devkitPro/libnds/lib\libnds9.a(fifosystem.o)
                0x0000000002017dd4                fifoInit
 .text.DC_FlushAll
                0x0000000002017ecc       0x2c C:/devkitPro/libnds/lib\libnds9.a(dcache.o)
                0x0000000002017ecc                DC_FlushAll
 .text.DC_FlushRange
                0x0000000002017ef8       0x24 C:/devkitPro/libnds/lib\libnds9.a(dcache.o)
                0x0000000002017ef8                DC_FlushRange
 .text.__libnds_mpu_setup
                0x0000000002017f1c      0x174 C:/devkitPro/libnds/lib\libnds9.a(mpu_setup.o)
                0x0000000002017f1c                __libnds_mpu_setup
 .text.memUncached
                0x0000000002018090       0x20 C:/devkitPro/libnds/lib\libnds9.a(mpu_setup.o)
                0x0000000002018090                memUncached
 .text.swiWaitForVBlank
                0x00000000020180b0        0x8 C:/devkitPro/libnds/lib\libnds9.a(IntrWait.o)
                0x00000000020180b0                swiWaitForVBlank
 .text.swiIntrWait
                0x00000000020180b8       0x70 C:/devkitPro/libnds/lib\libnds9.a(IntrWait.o)
                0x00000000020180b8                swiIntrWait
 .text.setCpuClock
                0x0000000002018128       0x50 C:/devkitPro/libnds/lib\libnds9.a(cpu_clock.o)
                0x0000000002018128                setCpuClock
 .text.swiSoftReset
                0x0000000002018178       0x2c C:/devkitPro/libnds/lib\libnds9.a(swiSoftReset.o)
                0x0000000002018178                swiSoftReset
 .text.swiDelay
                0x00000000020181a4        0x4 C:/devkitPro/libnds/lib\libnds9.a(biosCalls.o)
                0x00000000020181a4                swiDelay
 .text.swiCopy  0x00000000020181a8        0x4 C:/devkitPro/libnds/lib\libnds9.a(biosCalls.o)
                0x00000000020181a8                swiCopy
 .text.checkIfText
                0x00000000020181ac       0x5c C:/devkitPro/libnds/lib\libnds9.a(background.o)
                0x00000000020181ac                checkIfText
 .text.bgUpdate
                0x0000000002018208       0xf4 C:/devkitPro/libnds/lib\libnds9.a(background.o)
                0x0000000002018208                bgUpdate
 .text.bgInit_call
                0x00000000020182fc       0xc4 C:/devkitPro/libnds/lib\libnds9.a(background.o)
                0x00000000020182fc                bgInit_call
 .text.bgInitSub_call
                0x00000000020183c0       0xcc C:/devkitPro/libnds/lib\libnds9.a(background.o)
                0x00000000020183c0                bgInitSub_call
 .text.cos      0x000000000201848c      0x11c c:/devkitpro/devkitarm/bin/../lib/gcc/arm-none-eabi/10.2.0/../../../../arm-none-eabi/lib\libm.a(lib_a-s_cos.o)
                0x000000000201848c                cos
 .text.sin      0x00000000020185a8      0x128 c:/devkitpro/devkitarm/bin/../lib/gcc/arm-none-eabi/10.2.0/../../../../arm-none-eabi/lib\libm.a(lib_a-s_sin.o)
                0x00000000020185a8                sin
 .text.__ieee754_rem_pio2
                0x00000000020186d0      0x654 c:/devkitpro/devkitarm/bin/../lib/gcc/arm-none-eabi/10.2.0/../../../../arm-none-eabi/lib\libm.a(lib_a-e_rem_pio2.o)
                0x00000000020186d0                __ieee754_rem_pio2
 *fill*         0x0000000002018d24        0x4 ff
 .text.__kernel_cos
                0x0000000002018d28      0x360 c:/devkitpro/devkitarm/bin/../lib/gcc/arm-none-eabi/10.2.0/../../../../arm-none-eabi/lib\libm.a(lib_a-k_cos.o)
                0x0000000002018d28                __kernel_cos
 .text.__kernel_rem_pio2
                0x0000000002019088      0xc90 c:/devkitpro/devkitarm/bin/../lib/gcc/arm-none-eabi/10.2.0/../../../../arm-none-eabi/lib\libm.a(lib_a-k_rem_pio2.o)
                0x0000000002019088                __kernel_rem_pio2
 .text.__kernel_sin
                0x0000000002019d18      0x224 c:/devkitpro/devkitarm/bin/../lib/gcc/arm-none-eabi/10.2.0/../../../../arm-none-eabi/lib\libm.a(lib_a-k_sin.o)
                0x0000000002019d18                __kernel_sin
 .text.fabs     0x0000000002019f3c        0x8 c:/devkitpro/devkitarm/bin/../lib/gcc/arm-none-eabi/10.2.0/../../../../arm-none-eabi/lib\libm.a(lib_a-s_fabs.o)
                0x0000000002019f3c                fabs
 *fill*         0x0000000002019f44        0x4 ff
 .text.floor    0x0000000002019f48      0x18c c:/devkitpro/devkitarm/bin/../lib/gcc/arm-none-eabi/10.2.0/../../../../arm-none-eabi/lib\libm.a(lib_a-s_floor.o)
                0x0000000002019f48                floor
 *fill*         0x000000000201a0d4        0x4 ff
 .text.scalbn   0x000000000201a0d8      0x188 c:/devkitpro/devkitarm/bin/../lib/gcc/arm-none-eabi/10.2.0/../../../../arm-none-eabi/lib\libm.a(lib_a-s_scalbn.o)
                0x000000000201a0d8                scalbn
 .text.__muldi3
                0x000000000201a260       0x1c c:/devkitpro/devkitarm/bin/../lib/gcc/arm-none-eabi/10.2.0\libgcc.a(_muldi3.o)
                0x000000000201a260                __muldi3
                0x000000000201a260                __aeabi_lmul
 .text.calloc   0x000000000201a27c       0x24 c:/devkitpro/devkitarm/bin/../lib/gcc/arm-none-eabi/10.2.0/../../../../arm-none-eabi/lib\libg.a(lib_a-calloc.o)
                0x000000000201a27c                calloc
 .text._calloc_r
                0x000000000201a2a0       0x9c c:/devkitpro/devkitarm/bin/../lib/gcc/arm-none-eabi/10.2.0/../../../../arm-none-eabi/lib\libg.a(lib_a-callocr.o)
                0x000000000201a2a0                _calloc_r
 .text._fclose_r
                0x000000000201a33c      0x16c c:/devkitpro/devkitarm/bin/../lib/gcc/arm-none-eabi/10.2.0/../../../../arm-none-eabi/lib\libg.a(lib_a-fclose.o)
                0x000000000201a33c                _fclose_r
 .text.fclose   0x000000000201a4a8       0x18 c:/devkitpro/devkitarm/bin/../lib/gcc/arm-none-eabi/10.2.0/../../../../arm-none-eabi/lib\libg.a(lib_a-fclose.o)
                0x000000000201a4a8                fclose
 .text.__sflush_r
                0x000000000201a4c0      0x280 c:/devkitpro/devkitarm/bin/../lib/gcc/arm-none-eabi/10.2.0/../../../../arm-none-eabi/lib\libg.a(lib_a-fflush.o)
                0x000000000201a4c0                __sflush_r
 .text._fflush_r
                0x000000000201a740       0x9c c:/devkitpro/devkitarm/bin/../lib/gcc/arm-none-eabi/10.2.0/../../../../arm-none-eabi/lib\libg.a(lib_a-fflush.o)
                0x000000000201a740                _fflush_r
 .text.fflush   0x000000000201a7dc       0x3c c:/devkitpro/devkitarm/bin/../lib/gcc/arm-none-eabi/10.2.0/../../../../arm-none-eabi/lib\libg.a(lib_a-fflush.o)
                0x000000000201a7dc                fflush
 .text._cleanup_r
                0x000000000201a818       0x18 c:/devkitpro/devkitarm/bin/../lib/gcc/arm-none-eabi/10.2.0/../../../../arm-none-eabi/lib\libg.a(lib_a-findfp.o)
                0x000000000201a818                _cleanup_r
 .text.__sinit  0x000000000201a830      0x18c c:/devkitpro/devkitarm/bin/../lib/gcc/arm-none-eabi/10.2.0/../../../../arm-none-eabi/lib\libg.a(lib_a-findfp.o)
                0x000000000201a830                __sinit
 .text.__sfp    0x000000000201a9bc      0x138 c:/devkitpro/devkitarm/bin/../lib/gcc/arm-none-eabi/10.2.0/../../../../arm-none-eabi/lib\libg.a(lib_a-findfp.o)
                0x000000000201a9bc                __sfp
 .text.__sfp_lock_acquire
                0x000000000201aaf4       0x18 c:/devkitpro/devkitarm/bin/../lib/gcc/arm-none-eabi/10.2.0/../../../../arm-none-eabi/lib\libg.a(lib_a-findfp.o)
                0x000000000201aaf4                __sfp_lock_acquire
 .text.__sfp_lock_release
                0x000000000201ab0c       0x18 c:/devkitpro/devkitarm/bin/../lib/gcc/arm-none-eabi/10.2.0/../../../../arm-none-eabi/lib\libg.a(lib_a-findfp.o)
                0x000000000201ab0c                __sfp_lock_release
 .text._fopen_r
                0x000000000201ab24      0x14c c:/devkitpro/devkitarm/bin/../lib/gcc/arm-none-eabi/10.2.0/../../../../arm-none-eabi/lib\libg.a(lib_a-fopen.o)
                0x000000000201ab24                _fopen_r
 .text.fopen    0x000000000201ac70       0x20 c:/devkitpro/devkitarm/bin/../lib/gcc/arm-none-eabi/10.2.0/../../../../arm-none-eabi/lib\libg.a(lib_a-fopen.o)
                0x000000000201ac70                fopen
 .text._fread_r
                0x000000000201ac90      0x2d4 c:/devkitpro/devkitarm/bin/../lib/gcc/arm-none-eabi/10.2.0/../../../../arm-none-eabi/lib\libg.a(lib_a-fread.o)
                0x000000000201ac90                _fread_r
 .text.fread    0x000000000201af64       0x3c c:/devkitpro/devkitarm/bin/../lib/gcc/arm-none-eabi/10.2.0/../../../../arm-none-eabi/lib\libg.a(lib_a-fread.o)
                0x000000000201af64                fread
 .text._malloc_trim_r
                0x000000000201afa0      0x100 c:/devkitpro/devkitarm/bin/../lib/gcc/arm-none-eabi/10.2.0/../../../../arm-none-eabi/lib\libg.a(lib_a-freer.o)
                0x000000000201afa0                _malloc_trim_r
 .text._free_r  0x000000000201b0a0      0x2e0 c:/devkitpro/devkitarm/bin/../lib/gcc/arm-none-eabi/10.2.0/../../../../arm-none-eabi/lib\libg.a(lib_a-freer.o)
                0x000000000201b0a0                _free_r
 .text._fseek_r
                0x000000000201b380       0x20 c:/devkitpro/devkitarm/bin/../lib/gcc/arm-none-eabi/10.2.0/../../../../arm-none-eabi/lib\libg.a(lib_a-fseek.o)
                0x000000000201b380                _fseek_r
 .text.fseek    0x000000000201b3a0       0x38 c:/devkitpro/devkitarm/bin/../lib/gcc/arm-none-eabi/10.2.0/../../../../arm-none-eabi/lib\libg.a(lib_a-fseek.o)
                0x000000000201b3a0                fseek
 .text._fseeko_r
                0x000000000201b3d8      0x50c c:/devkitpro/devkitarm/bin/../lib/gcc/arm-none-eabi/10.2.0/../../../../arm-none-eabi/lib\libg.a(lib_a-fseeko.o)
                0x000000000201b3d8                _fseeko_r
 .text.ftell    0x000000000201b8e4       0x30 c:/devkitpro/devkitarm/bin/../lib/gcc/arm-none-eabi/10.2.0/../../../../arm-none-eabi/lib\libg.a(lib_a-ftell.o)
                0x000000000201b8e4                ftell
 .text._ftello_r
                0x000000000201b914      0x1c8 c:/devkitpro/devkitarm/bin/../lib/gcc/arm-none-eabi/10.2.0/../../../../arm-none-eabi/lib\libg.a(lib_a-ftello.o)
                0x000000000201b914                _ftello_r
 .text._fwalk   0x000000000201badc       0x70 c:/devkitpro/devkitarm/bin/../lib/gcc/arm-none-eabi/10.2.0/../../../../arm-none-eabi/lib\libg.a(lib_a-fwalk.o)
                0x000000000201badc                _fwalk
 .text._fwalk_reent
                0x000000000201bb4c       0x78 c:/devkitpro/devkitarm/bin/../lib/gcc/arm-none-eabi/10.2.0/../../../../arm-none-eabi/lib\libg.a(lib_a-fwalk.o)
                0x000000000201bb4c                _fwalk_reent
 .text._fwrite_r
                0x000000000201bbc4      0x100 c:/devkitpro/devkitarm/bin/../lib/gcc/arm-none-eabi/10.2.0/../../../../arm-none-eabi/lib\libg.a(lib_a-fwrite.o)
                0x000000000201bbc4                _fwrite_r
 .text.fwrite   0x000000000201bcc4       0x3c c:/devkitpro/devkitarm/bin/../lib/gcc/arm-none-eabi/10.2.0/../../../../arm-none-eabi/lib\libg.a(lib_a-fwrite.o)
                0x000000000201bcc4                fwrite
 .text.__libc_init_array
                0x000000000201bd00       0x88 c:/devkitpro/devkitarm/bin/../lib/gcc/arm-none-eabi/10.2.0/../../../../arm-none-eabi/lib\libg.a(lib_a-init.o)
                0x000000000201bd00                __libc_init_array
 .text.iprintf  0x000000000201bd88       0x34 c:/devkitpro/devkitarm/bin/../lib/gcc/arm-none-eabi/10.2.0/../../../../arm-none-eabi/lib\libg.a(lib_a-iprintf.o)
                0x000000000201bd88                iprintf
 .text.__smakebuf_r
                0x000000000201bdbc      0x144 c:/devkitpro/devkitarm/bin/../lib/gcc/arm-none-eabi/10.2.0/../../../../arm-none-eabi/lib\libg.a(lib_a-makebuf.o)
                0x000000000201bdbc                __smakebuf_r
 .text.__swhatbuf_r
                0x000000000201bf00       0xa0 c:/devkitpro/devkitarm/bin/../lib/gcc/arm-none-eabi/10.2.0/../../../../arm-none-eabi/lib\libg.a(lib_a-makebuf.o)
                0x000000000201bf00                __swhatbuf_r
 .text.malloc   0x000000000201bfa0       0x1c c:/devkitpro/devkitarm/bin/../lib/gcc/arm-none-eabi/10.2.0/../../../../arm-none-eabi/lib\libg.a(lib_a-malloc.o)
                0x000000000201bfa0                malloc
 .text.free     0x000000000201bfbc       0x1c c:/devkitpro/devkitarm/bin/../lib/gcc/arm-none-eabi/10.2.0/../../../../arm-none-eabi/lib\libg.a(lib_a-malloc.o)
                0x000000000201bfbc                free
 .text._malloc_r
                0x000000000201bfd8      0x800 c:/devkitpro/devkitarm/bin/../lib/gcc/arm-none-eabi/10.2.0/../../../../arm-none-eabi/lib\libg.a(lib_a-mallocr.o)
                0x000000000201bfd8                _malloc_r
 .text.memcpy   0x000000000201c7d8      0x120 c:/devkitpro/devkitarm/bin/../lib/gcc/arm-none-eabi/10.2.0/../../../../arm-none-eabi/lib\libg.a(lib_a-memcpy-stub.o)
                0x000000000201c7d8                memcpy
 .text.memset   0x000000000201c8f8      0x11c c:/devkitpro/devkitarm/bin/../lib/gcc/arm-none-eabi/10.2.0/../../../../arm-none-eabi/lib\libg.a(lib_a-memset.o)
                0x000000000201c8f8                memset
 .text.__malloc_lock
                0x000000000201ca14       0x18 c:/devkitpro/devkitarm/bin/../lib/gcc/arm-none-eabi/10.2.0/../../../../arm-none-eabi/lib\libg.a(lib_a-mlock.o)
                0x000000000201ca14                __malloc_lock
 .text.__malloc_unlock
                0x000000000201ca2c       0x18 c:/devkitpro/devkitarm/bin/../lib/gcc/arm-none-eabi/10.2.0/../../../../arm-none-eabi/lib\libg.a(lib_a-mlock.o)
                0x000000000201ca2c                __malloc_unlock
 .text.printf   0x000000000201ca44       0x34 c:/devkitpro/devkitarm/bin/../lib/gcc/arm-none-eabi/10.2.0/../../../../arm-none-eabi/lib\libg.a(lib_a-printf.o)
                0x000000000201ca44                printf
 .text._puts_r  0x000000000201ca78       0xe8 c:/devkitpro/devkitarm/bin/../lib/gcc/arm-none-eabi/10.2.0/../../../../arm-none-eabi/lib\libg.a(lib_a-puts.o)
                0x000000000201ca78                _puts_r
 .text.puts     0x000000000201cb60       0x18 c:/devkitpro/devkitarm/bin/../lib/gcc/arm-none-eabi/10.2.0/../../../../arm-none-eabi/lib\libg.a(lib_a-puts.o)
                0x000000000201cb60                puts
 .text.rand     0x000000000201cb78       0x48 c:/devkitpro/devkitarm/bin/../lib/gcc/arm-none-eabi/10.2.0/../../../../arm-none-eabi/lib\libg.a(lib_a-rand.o)
                0x000000000201cb78                rand
 .text.lflush   0x000000000201cbc0       0x28 c:/devkitpro/devkitarm/bin/../lib/gcc/arm-none-eabi/10.2.0/../../../../arm-none-eabi/lib\libg.a(lib_a-refill.o)
 .text.__srefill_r
                0x000000000201cbe8      0x1bc c:/devkitpro/devkitarm/bin/../lib/gcc/arm-none-eabi/10.2.0/../../../../arm-none-eabi/lib\libg.a(lib_a-refill.o)
                0x000000000201cbe8                __srefill_r
 .text.rewind   0x000000000201cda4       0x30 c:/devkitpro/devkitarm/bin/../lib/gcc/arm-none-eabi/10.2.0/../../../../arm-none-eabi/lib\libg.a(lib_a-rewind.o)
                0x000000000201cda4                rewind
 .text.setvbuf  0x000000000201cdd4      0x268 c:/devkitpro/devkitarm/bin/../lib/gcc/arm-none-eabi/10.2.0/../../../../arm-none-eabi/lib\libg.a(lib_a-setvbuf.o)
                0x000000000201cdd4                setvbuf
 .text.siscanf  0x000000000201d03c       0x74 c:/devkitpro/devkitarm/bin/../lib/gcc/arm-none-eabi/10.2.0/../../../../arm-none-eabi/lib\libg.a(lib_a-siscanf.o)
                0x000000000201d03c                siscanf
 .text.sprintf  0x000000000201d0b0       0x64 c:/devkitpro/devkitarm/bin/../lib/gcc/arm-none-eabi/10.2.0/../../../../arm-none-eabi/lib\libg.a(lib_a-sprintf.o)
                0x000000000201d0b0                sprintf
 .text.__sread  0x000000000201d114       0x4c c:/devkitpro/devkitarm/bin/../lib/gcc/arm-none-eabi/10.2.0/../../../../arm-none-eabi/lib\libg.a(lib_a-stdio.o)
                0x000000000201d114                __sread
 .text.__seofread
                0x000000000201d160        0x8 c:/devkitpro/devkitarm/bin/../lib/gcc/arm-none-eabi/10.2.0/../../../../arm-none-eabi/lib\libg.a(lib_a-stdio.o)
                0x000000000201d160                __seofread
 .text.__swrite
                0x000000000201d168       0x6c c:/devkitpro/devkitarm/bin/../lib/gcc/arm-none-eabi/10.2.0/../../../../arm-none-eabi/lib\libg.a(lib_a-stdio.o)
                0x000000000201d168                __swrite
 .text.__sseek  0x000000000201d1d4       0x4c c:/devkitpro/devkitarm/bin/../lib/gcc/arm-none-eabi/10.2.0/../../../../arm-none-eabi/lib\libg.a(lib_a-stdio.o)
                0x000000000201d1d4                __sseek
 .text.__sclose
                0x000000000201d220       0x14 c:/devkitpro/devkitarm/bin/../lib/gcc/arm-none-eabi/10.2.0/../../../../arm-none-eabi/lib\libg.a(lib_a-stdio.o)
                0x000000000201d220                __sclose
 .text.strlen   0x000000000201d234       0x60 c:/devkitpro/devkitarm/bin/../lib/gcc/arm-none-eabi/10.2.0/../../../../arm-none-eabi/lib\libg.a(lib_a-strlen-stub.o)
                0x000000000201d234                strlen
 .text.get_arg  0x000000000201d294       0x54 c:/devkitpro/devkitarm/bin/../lib/gcc/arm-none-eabi/10.2.0/../../../../arm-none-eabi/lib\libg.a(lib_a-svfiscanf.o)
 .text._sungetc_r
                0x000000000201d2e8       0xe4 c:/devkitpro/devkitarm/bin/../lib/gcc/arm-none-eabi/10.2.0/../../../../arm-none-eabi/lib\libg.a(lib_a-svfiscanf.o)
                0x000000000201d2e8                _sungetc_r
 .text.__ssrefill_r
                0x000000000201d3cc       0x68 c:/devkitpro/devkitarm/bin/../lib/gcc/arm-none-eabi/10.2.0/../../../../arm-none-eabi/lib\libg.a(lib_a-svfiscanf.o)
                0x000000000201d3cc                __ssrefill_r
 .text._sfread_r
                0x000000000201d434       0xcc c:/devkitpro/devkitarm/bin/../lib/gcc/arm-none-eabi/10.2.0/../../../../arm-none-eabi/lib\libg.a(lib_a-svfiscanf.o)
                0x000000000201d434                _sfread_r
 .text.__ssvfiscanf_r
                0x000000000201d500     0x233c c:/devkitpro/devkitarm/bin/../lib/gcc/arm-none-eabi/10.2.0/../../../../arm-none-eabi/lib\libg.a(lib_a-svfiscanf.o)
                0x000000000201d500                __ssvfiscanf_r
 .text.get_arg  0x000000000201f83c      0x64c c:/devkitpro/devkitarm/bin/../lib/gcc/arm-none-eabi/10.2.0/../../../../arm-none-eabi/lib\libg.a(lib_a-svfprintf.o)
 .text._svfprintf_r
                0x000000000201fe88     0x3754 c:/devkitpro/devkitarm/bin/../lib/gcc/arm-none-eabi/10.2.0/../../../../arm-none-eabi/lib\libg.a(lib_a-svfprintf.o)
                0x000000000201fe88                _svfprintf_r
 .text.__submore
                0x00000000020235dc       0xb0 c:/devkitpro/devkitarm/bin/../lib/gcc/arm-none-eabi/10.2.0/../../../../arm-none-eabi/lib\libg.a(lib_a-ungetc.o)
                0x00000000020235dc                __submore
 .text.get_arg  0x000000000202368c      0x64c c:/devkitpro/devkitarm/bin/../lib/gcc/arm-none-eabi/10.2.0/../../../../arm-none-eabi/lib\libg.a(lib_a-vfiprintf.o)
 .text.__sprint_r
                0x0000000002023cd8       0x34 c:/devkitpro/devkitarm/bin/../lib/gcc/arm-none-eabi/10.2.0/../../../../arm-none-eabi/lib\libg.a(lib_a-vfiprintf.o)
                0x0000000002023cd8                __sprint_r
 .text._vfiprintf_r
                0x0000000002023d0c     0x2598 c:/devkitpro/devkitarm/bin/../lib/gcc/arm-none-eabi/10.2.0/../../../../arm-none-eabi/lib\libg.a(lib_a-vfiprintf.o)
                0x0000000002023d0c                _vfiprintf_r
 .text.__sbprintf
                0x00000000020262a4       0xd4 c:/devkitpro/devkitarm/bin/../lib/gcc/arm-none-eabi/10.2.0/../../../../arm-none-eabi/lib\libg.a(lib_a-vfiprintf.o)
 .text.get_arg  0x0000000002026378      0x64c c:/devkitpro/devkitarm/bin/../lib/gcc/arm-none-eabi/10.2.0/../../../../arm-none-eabi/lib\libg.a(lib_a-vfprintf.o)
 .text._vfprintf_r
                0x00000000020269c4     0x3990 c:/devkitpro/devkitarm/bin/../lib/gcc/arm-none-eabi/10.2.0/../../../../arm-none-eabi/lib\libg.a(lib_a-vfprintf.o)
                0x00000000020269c4                _vfprintf_r
 .text.__sbprintf
                0x000000000202a354       0xd4 c:/devkitpro/devkitarm/bin/../lib/gcc/arm-none-eabi/10.2.0/../../../../arm-none-eabi/lib\libg.a(lib_a-vfprintf.o)
 .text.viprintf
                0x000000000202a428       0x28 c:/devkitpro/devkitarm/bin/../lib/gcc/arm-none-eabi/10.2.0/../../../../arm-none-eabi/lib\libg.a(lib_a-viprintf.o)
                0x000000000202a428                viprintf
 .text._wcrtomb_r
                0x000000000202a450       0x5c c:/devkitpro/devkitarm/bin/../lib/gcc/arm-none-eabi/10.2.0/../../../../arm-none-eabi/lib\libg.a(lib_a-wcrtomb.o)
                0x000000000202a450                _wcrtomb_r
 .text._wcsrtombs_r
                0x000000000202a4ac       0x2c c:/devkitpro/devkitarm/bin/../lib/gcc/arm-none-eabi/10.2.0/../../../../arm-none-eabi/lib\libg.a(lib_a-wcsrtombs.o)
                0x000000000202a4ac                _wcsrtombs_r
 .text.__swsetup_r
                0x000000000202a4d8      0x160 c:/devkitpro/devkitarm/bin/../lib/gcc/arm-none-eabi/10.2.0/../../../../arm-none-eabi/lib\libg.a(lib_a-wsetup.o)
                0x000000000202a4d8                __swsetup_r
 .text.quorem   0x000000000202a638      0x1c0 c:/devkitpro/devkitarm/bin/../lib/gcc/arm-none-eabi/10.2.0/../../../../arm-none-eabi/lib\libg.a(lib_a-dtoa.o)
 .text._dtoa_r  0x000000000202a7f8     0x1730 c:/devkitpro/devkitarm/bin/../lib/gcc/arm-none-eabi/10.2.0/../../../../arm-none-eabi/lib\libg.a(lib_a-dtoa.o)
                0x000000000202a7f8                _dtoa_r
 .text.__sflags
                0x000000000202bf28       0xd0 c:/devkitpro/devkitarm/bin/../lib/gcc/arm-none-eabi/10.2.0/../../../../arm-none-eabi/lib\libg.a(lib_a-flags.o)
                0x000000000202bf28                __sflags
 .text.__sfvwrite_r
                0x000000000202bff8      0x4d0 c:/devkitpro/devkitarm/bin/../lib/gcc/arm-none-eabi/10.2.0/../../../../arm-none-eabi/lib\libg.a(lib_a-fvwrite.o)
                0x000000000202bff8                __sfvwrite_r
 .text.iswspace
                0x000000000202c4c8       0x14 c:/devkitpro/devkitarm/bin/../lib/gcc/arm-none-eabi/10.2.0/../../../../arm-none-eabi/lib\libg.a(lib_a-iswspace.o)
                0x000000000202c4c8                iswspace
 .text._localeconv_r
                0x000000000202c4dc        0xc c:/devkitpro/devkitarm/bin/../lib/gcc/arm-none-eabi/10.2.0/../../../../arm-none-eabi/lib\libg.a(lib_a-localeconv.o)
                0x000000000202c4dc                _localeconv_r
 .text.__locale_mb_cur_max
                0x000000000202c4e8       0x10 c:/devkitpro/devkitarm/bin/../lib/gcc/arm-none-eabi/10.2.0/../../../../arm-none-eabi/lib\libg.a(lib_a-locale.o)
                0x000000000202c4e8                __locale_mb_cur_max
 .text._mbrtowc_r
                0x000000000202c4f8       0x70 c:/devkitpro/devkitarm/bin/../lib/gcc/arm-none-eabi/10.2.0/../../../../arm-none-eabi/lib\libg.a(lib_a-mbrtowc.o)
                0x000000000202c4f8                _mbrtowc_r
 .text.__utf8_mbtowc
                0x000000000202c568      0x308 c:/devkitpro/devkitarm/bin/../lib/gcc/arm-none-eabi/10.2.0/../../../../arm-none-eabi/lib\libg.a(lib_a-mbtowc_r.o)
                0x000000000202c568                __utf8_mbtowc
 .text.memchr   0x000000000202c870       0xf0 c:/devkitpro/devkitarm/bin/../lib/gcc/arm-none-eabi/10.2.0/../../../../arm-none-eabi/lib\libg.a(lib_a-memchr-stub.o)
                0x000000000202c870                memchr
 .text.memmove  0x000000000202c960      0x158 c:/devkitpro/devkitarm/bin/../lib/gcc/arm-none-eabi/10.2.0/../../../../arm-none-eabi/lib\libg.a(lib_a-memmove.o)
                0x000000000202c960                memmove
 .text._Balloc  0x000000000202cab8       0x8c c:/devkitpro/devkitarm/bin/../lib/gcc/arm-none-eabi/10.2.0/../../../../arm-none-eabi/lib\libg.a(lib_a-mprec.o)
                0x000000000202cab8                _Balloc
 .text._Bfree   0x000000000202cb44       0x1c c:/devkitpro/devkitarm/bin/../lib/gcc/arm-none-eabi/10.2.0/../../../../arm-none-eabi/lib\libg.a(lib_a-mprec.o)
                0x000000000202cb44                _Bfree
 .text.__multadd
                0x000000000202cb60      0x100 c:/devkitpro/devkitarm/bin/../lib/gcc/arm-none-eabi/10.2.0/../../../../arm-none-eabi/lib\libg.a(lib_a-mprec.o)
                0x000000000202cb60                __multadd
 .text.__hi0bits
                0x000000000202cc60       0x58 c:/devkitpro/devkitarm/bin/../lib/gcc/arm-none-eabi/10.2.0/../../../../arm-none-eabi/lib\libg.a(lib_a-mprec.o)
                0x000000000202cc60                __hi0bits
 .text.__lo0bits
                0x000000000202ccb8       0x9c c:/devkitpro/devkitarm/bin/../lib/gcc/arm-none-eabi/10.2.0/../../../../arm-none-eabi/lib\libg.a(lib_a-mprec.o)
                0x000000000202ccb8                __lo0bits
 .text.__i2b    0x000000000202cd54       0xa8 c:/devkitpro/devkitarm/bin/../lib/gcc/arm-none-eabi/10.2.0/../../../../arm-none-eabi/lib\libg.a(lib_a-mprec.o)
                0x000000000202cd54                __i2b
 .text.__multiply
                0x000000000202cdfc      0x214 c:/devkitpro/devkitarm/bin/../lib/gcc/arm-none-eabi/10.2.0/../../../../arm-none-eabi/lib\libg.a(lib_a-mprec.o)
                0x000000000202cdfc                __multiply
 .text.__pow5mult
                0x000000000202d010      0x124 c:/devkitpro/devkitarm/bin/../lib/gcc/arm-none-eabi/10.2.0/../../../../arm-none-eabi/lib\libg.a(lib_a-mprec.o)
                0x000000000202d010                __pow5mult
 .text.__lshift
                0x000000000202d134      0x140 c:/devkitpro/devkitarm/bin/../lib/gcc/arm-none-eabi/10.2.0/../../../../arm-none-eabi/lib\libg.a(lib_a-mprec.o)
                0x000000000202d134                __lshift
 .text.__mcmp   0x000000000202d274       0x60 c:/devkitpro/devkitarm/bin/../lib/gcc/arm-none-eabi/10.2.0/../../../../arm-none-eabi/lib\libg.a(lib_a-mprec.o)
                0x000000000202d274                __mcmp
 .text.__mdiff  0x000000000202d2d4      0x1f4 c:/devkitpro/devkitarm/bin/../lib/gcc/arm-none-eabi/10.2.0/../../../../arm-none-eabi/lib\libg.a(lib_a-mprec.o)
                0x000000000202d2d4                __mdiff
 .text.__d2b    0x000000000202d4c8      0x144 c:/devkitpro/devkitarm/bin/../lib/gcc/arm-none-eabi/10.2.0/../../../../arm-none-eabi/lib\libg.a(lib_a-mprec.o)
                0x000000000202d4c8                __d2b
 .text.realloc  0x000000000202d60c       0x24 c:/devkitpro/devkitarm/bin/../lib/gcc/arm-none-eabi/10.2.0/../../../../arm-none-eabi/lib\libg.a(lib_a-realloc.o)
                0x000000000202d60c                realloc
 .text._realloc_r
                0x000000000202d630      0x5ac c:/devkitpro/devkitarm/bin/../lib/gcc/arm-none-eabi/10.2.0/../../../../arm-none-eabi/lib\libg.a(lib_a-reallocr.o)
                0x000000000202d630                _realloc_r
 .text.__sccl   0x000000000202dbdc       0xe8 c:/devkitpro/devkitarm/bin/../lib/gcc/arm-none-eabi/10.2.0/../../../../arm-none-eabi/lib\libg.a(lib_a-sccl.o)
                0x000000000202dbdc                __sccl
 .text.frexp    0x000000000202dcc4       0xa4 c:/devkitpro/devkitarm/bin/../lib/gcc/arm-none-eabi/10.2.0/../../../../arm-none-eabi/lib\libg.a(lib_a-s_frexp.o)
                0x000000000202dcc4                frexp
 .text.strchr   0x000000000202dd68      0x150 c:/devkitpro/devkitarm/bin/../lib/gcc/arm-none-eabi/10.2.0/../../../../arm-none-eabi/lib\libg.a(lib_a-strchr.o)
                0x000000000202dd68                strchr
 .text.strncmp  0x000000000202deb8       0xe4 c:/devkitpro/devkitarm/bin/../lib/gcc/arm-none-eabi/10.2.0/../../../../arm-none-eabi/lib\libg.a(lib_a-strncmp.o)
                0x000000000202deb8                strncmp
 .text.strncpy  0x000000000202df9c       0xcc c:/devkitpro/devkitarm/bin/../lib/gcc/arm-none-eabi/10.2.0/../../../../arm-none-eabi/lib\libg.a(lib_a-strncpy.o)
                0x000000000202df9c                strncpy
 .text._strtoll_l.constprop.0
                0x000000000202e068      0x230 c:/devkitpro/devkitarm/bin/../lib/gcc/arm-none-eabi/10.2.0/../../../../arm-none-eabi/lib\libg.a(lib_a-strtoll.o)
 .text._strtoll_r
                0x000000000202e298        0x4 c:/devkitpro/devkitarm/bin/../lib/gcc/arm-none-eabi/10.2.0/../../../../arm-none-eabi/lib\libg.a(lib_a-strtoll.o)
                0x000000000202e298                _strtoll_r
 .text._strtol_l.part.0
                0x000000000202e29c      0x1b4 c:/devkitpro/devkitarm/bin/../lib/gcc/arm-none-eabi/10.2.0/../../../../arm-none-eabi/lib\libg.a(lib_a-strtol.o)
 .text._strtol_r
                0x000000000202e450       0x3c c:/devkitpro/devkitarm/bin/../lib/gcc/arm-none-eabi/10.2.0/../../../../arm-none-eabi/lib\libg.a(lib_a-strtol.o)
                0x000000000202e450                _strtol_r
 .text._strtoull_l.constprop.0
                0x000000000202e48c      0x248 c:/devkitpro/devkitarm/bin/../lib/gcc/arm-none-eabi/10.2.0/../../../../arm-none-eabi/lib\libg.a(lib_a-strtoull.o)
 .text._strtoull_r
                0x000000000202e6d4        0x4 c:/devkitpro/devkitarm/bin/../lib/gcc/arm-none-eabi/10.2.0/../../../../arm-none-eabi/lib\libg.a(lib_a-strtoull.o)
                0x000000000202e6d4                _strtoull_r
 .text._strtoul_l.constprop.0
                0x000000000202e6d8      0x1cc c:/devkitpro/devkitarm/bin/../lib/gcc/arm-none-eabi/10.2.0/../../../../arm-none-eabi/lib\libg.a(lib_a-strtoul.o)
 .text._strtoul_r
                0x000000000202e8a4        0x4 c:/devkitpro/devkitarm/bin/../lib/gcc/arm-none-eabi/10.2.0/../../../../arm-none-eabi/lib\libg.a(lib_a-strtoul.o)
                0x000000000202e8a4                _strtoul_r
 .text.__ssprint_r
                0x000000000202e8a8      0x18c c:/devkitpro/devkitarm/bin/../lib/gcc/arm-none-eabi/10.2.0/../../../../arm-none-eabi/lib\libg.a(lib_a-svfiprintf.o)
                0x000000000202e8a8                __ssprint_r
 .text._wcsnrtombs_l
                0x000000000202ea34      0x1a0 c:/devkitpro/devkitarm/bin/../lib/gcc/arm-none-eabi/10.2.0/../../../../arm-none-eabi/lib\libg.a(lib_a-wcsnrtombs.o)
                0x000000000202ea34                _wcsnrtombs_l
 .text._wcsnrtombs_r
                0x000000000202ebd4       0x50 c:/devkitpro/devkitarm/bin/../lib/gcc/arm-none-eabi/10.2.0/../../../../arm-none-eabi/lib\libg.a(lib_a-wcsnrtombs.o)
                0x000000000202ebd4                _wcsnrtombs_r
 .text.__utf8_wctomb
                0x000000000202ec24       0xf4 c:/devkitpro/devkitarm/bin/../lib/gcc/arm-none-eabi/10.2.0/../../../../arm-none-eabi/lib\libg.a(lib_a-wctomb_r.o)
                0x000000000202ec24                __utf8_wctomb
 .text.__assert_func
                0x000000000202ed18       0x5c c:/devkitpro/devkitarm/bin/../lib/gcc/arm-none-eabi/10.2.0/../../../../arm-none-eabi/lib\libg.a(lib_a-assert.o)
                0x000000000202ed18                __assert_func
 .text.__errno  0x000000000202ed74       0x10 c:/devkitpro/devkitarm/bin/../lib/gcc/arm-none-eabi/10.2.0/../../../../arm-none-eabi/lib\libg.a(lib_a-errno.o)
                0x000000000202ed74                __errno
 .text.fiprintf
                0x000000000202ed84       0x3c c:/devkitpro/devkitarm/bin/../lib/gcc/arm-none-eabi/10.2.0/../../../../arm-none-eabi/lib\libg.a(lib_a-fiprintf.o)
                0x000000000202ed84                fiprintf
 .text.iswspace_l
                0x000000000202edc0       0x44 c:/devkitpro/devkitarm/bin/../lib/gcc/arm-none-eabi/10.2.0/../../../../arm-none-eabi/lib\libg.a(lib_a-iswspace_l.o)
                0x000000000202edc0                iswspace_l
 .text.__jp2uc  0x000000000202ee04      0x1e4 c:/devkitpro/devkitarm/bin/../lib/gcc/arm-none-eabi/10.2.0/../../../../arm-none-eabi/lib\libg.a(lib_a-jp2uc.o)
 .text._jp2uc_l
                0x000000000202efe8       0x94 c:/devkitpro/devkitarm/bin/../lib/gcc/arm-none-eabi/10.2.0/../../../../arm-none-eabi/lib\libg.a(lib_a-jp2uc.o)
                0x000000000202efe8                _jp2uc_l
 .text.abort    0x000000000202f07c       0x14 c:/devkitpro/devkitarm/bin/../lib/gcc/arm-none-eabi/10.2.0/../../../../arm-none-eabi/lib\libg.a(lib_a-abort.o)
                0x000000000202f07c                abort
 .text.category
                0x000000000202f090       0x8c c:/devkitpro/devkitarm/bin/../lib/gcc/arm-none-eabi/10.2.0/../../../../arm-none-eabi/lib\libg.a(lib_a-categories.o)
                0x000000000202f090                category
 .text._raise_r
                0x000000000202f11c       0x98 c:/devkitpro/devkitarm/bin/../lib/gcc/arm-none-eabi/10.2.0/../../../../arm-none-eabi/lib\libg.a(lib_a-signal.o)
                0x000000000202f11c                _raise_r
 .text.raise    0x000000000202f1b4       0x18 c:/devkitpro/devkitarm/bin/../lib/gcc/arm-none-eabi/10.2.0/../../../../arm-none-eabi/lib\libg.a(lib_a-signal.o)
                0x000000000202f1b4                raise
 .text.null_write
                0x000000000202f1cc        0x8 c:/devkitpro/devkitarm/bin/../lib/gcc/arm-none-eabi/10.2.0/../../../../arm-none-eabi/lib\libsysbase.a(iosupport.o)
 .text.FindDevice
                0x000000000202f1d4       0xd4 c:/devkitpro/devkitarm/bin/../lib/gcc/arm-none-eabi/10.2.0/../../../../arm-none-eabi/lib\libsysbase.a(iosupport.o)
                0x000000000202f1d4                FindDevice
 .text._fstat_r
                0x000000000202f2a8       0x7c c:/devkitpro/devkitarm/bin/../lib/gcc/arm-none-eabi/10.2.0/../../../../arm-none-eabi/lib\libsysbase.a(fstat.o)
                0x000000000202f2a8                _fstat_r
 .text._getpid_r
                0x000000000202f324       0x14 c:/devkitpro/devkitarm/bin/../lib/gcc/arm-none-eabi/10.2.0/../../../../arm-none-eabi/lib\libsysbase.a(getpid.o)
                0x000000000202f324                _getpid_r
 .text._isatty_r
                0x000000000202f338        0x8 c:/devkitpro/devkitarm/bin/../lib/gcc/arm-none-eabi/10.2.0/../../../../arm-none-eabi/lib\libsysbase.a(isatty.o)
                0x000000000202f338                _isatty_r
 .text._kill_r  0x000000000202f340       0x14 c:/devkitpro/devkitarm/bin/../lib/gcc/arm-none-eabi/10.2.0/../../../../arm-none-eabi/lib\libsysbase.a(kill.o)
                0x000000000202f340                _kill_r
 .text._lseek_r
                0x000000000202f354       0x88 c:/devkitpro/devkitarm/bin/../lib/gcc/arm-none-eabi/10.2.0/../../../../arm-none-eabi/lib\libsysbase.a(lseek.o)
                0x000000000202f354                _lseek_r
 .text._open_r  0x000000000202f3dc       0xd0 c:/devkitpro/devkitarm/bin/../lib/gcc/arm-none-eabi/10.2.0/../../../../arm-none-eabi/lib\libsysbase.a(open.o)
                0x000000000202f3dc                _open_r
 .text._read_r  0x000000000202f4ac       0x84 c:/devkitpro/devkitarm/bin/../lib/gcc/arm-none-eabi/10.2.0/../../../../arm-none-eabi/lib\libsysbase.a(read.o)
                0x000000000202f4ac                _read_r
 .text._sbrk_r  0x000000000202f530       0x7c c:/devkitpro/devkitarm/bin/../lib/gcc/arm-none-eabi/10.2.0/../../../../arm-none-eabi/lib\libsysbase.a(sbrk.o)
                0x000000000202f530                _sbrk_r
 .text._write_r
                0x000000000202f5ac       0x84 c:/devkitpro/devkitarm/bin/../lib/gcc/arm-none-eabi/10.2.0/../../../../arm-none-eabi/lib\libsysbase.a(write.o)
                0x000000000202f5ac                _write_r
 .text._exit    0x000000000202f630       0x28 c:/devkitpro/devkitarm/bin/../lib/gcc/arm-none-eabi/10.2.0/../../../../arm-none-eabi/lib\libsysbase.a(_exit.o)
                0x000000000202f630                _exit
 .text.build_argv
                0x000000000202f658       0x80 c:/devkitpro/devkitarm/bin/../lib/gcc/arm-none-eabi/10.2.0/../../../../arm-none-eabi/lib\libsysbase.a(build_argv.o)
                0x000000000202f658                build_argv
 .text.__flockfile
                0x000000000202f6d8       0x14 c:/devkitpro/devkitarm/bin/../lib/gcc/arm-none-eabi/10.2.0/../../../../arm-none-eabi/lib\libsysbase.a(flock.o)
                0x000000000202f6d8                __flockfile
 .text.__funlockfile
                0x000000000202f6ec       0x14 c:/devkitpro/devkitarm/bin/../lib/gcc/arm-none-eabi/10.2.0/../../../../arm-none-eabi/lib\libsysbase.a(flock.o)
                0x000000000202f6ec                __funlockfile
 .text.__libc_lock_acquire
                0x000000000202f700       0x18 c:/devkitpro/devkitarm/bin/../lib/gcc/arm-none-eabi/10.2.0/../../../../arm-none-eabi/lib\libsysbase.a(syscall_support.o)
                0x000000000202f700                __libc_lock_acquire
 .text.__libc_lock_release
                0x000000000202f718       0x18 c:/devkitpro/devkitarm/bin/../lib/gcc/arm-none-eabi/10.2.0/../../../../arm-none-eabi/lib\libsysbase.a(syscall_support.o)
                0x000000000202f718                __libc_lock_release
 .text.__libc_lock_init_recursive
                0x000000000202f730       0x18 c:/devkitpro/devkitarm/bin/../lib/gcc/arm-none-eabi/10.2.0/../../../../arm-none-eabi/lib\libsysbase.a(syscall_support.o)
                0x000000000202f730                __libc_lock_init_recursive
 .text.__libc_lock_acquire_recursive
                0x000000000202f748       0x18 c:/devkitpro/devkitarm/bin/../lib/gcc/arm-none-eabi/10.2.0/../../../../arm-none-eabi/lib\libsysbase.a(syscall_support.o)
                0x000000000202f748                __libc_lock_acquire_recursive
 .text.__libc_lock_release_recursive
                0x000000000202f760       0x18 c:/devkitpro/devkitarm/bin/../lib/gcc/arm-none-eabi/10.2.0/../../../../arm-none-eabi/lib\libsysbase.a(syscall_support.o)
                0x000000000202f760                __libc_lock_release_recursive
 .text.__libc_lock_close_recursive
                0x000000000202f778       0x18 c:/devkitpro/devkitarm/bin/../lib/gcc/arm-none-eabi/10.2.0/../../../../arm-none-eabi/lib\libsysbase.a(syscall_support.o)
                0x000000000202f778                __libc_lock_close_recursive
 .text.__release_handle
                0x000000000202f790       0x90 c:/devkitpro/devkitarm/bin/../lib/gcc/arm-none-eabi/10.2.0/../../../../arm-none-eabi/lib\libsysbase.a(handle_manager.o)
                0x000000000202f790                __release_handle
 .text.__alloc_handle
                0x000000000202f820       0xb8 c:/devkitpro/devkitarm/bin/../lib/gcc/arm-none-eabi/10.2.0/../../../../arm-none-eabi/lib\libsysbase.a(handle_manager.o)
                0x000000000202f820                __alloc_handle
 .text.__get_handle
                0x000000000202f8d8       0x40 c:/devkitpro/devkitarm/bin/../lib/gcc/arm-none-eabi/10.2.0/../../../../arm-none-eabi/lib\libsysbase.a(handle_manager.o)
                0x000000000202f8d8                __get_handle
 .text._close_r
                0x000000000202f918       0xfc c:/devkitpro/devkitarm/bin/../lib/gcc/arm-none-eabi/10.2.0/../../../../arm-none-eabi/lib\libsysbase.a(handle_manager.o)
                0x000000000202f918                _close_r
 .text.__getreent
                0x000000000202fa14       0x24 c:/devkitpro/devkitarm/bin/../lib/gcc/arm-none-eabi/10.2.0/../../../../arm-none-eabi/lib\libsysbase.a(getreent.o)
                0x000000000202fa14                __getreent
 .text.__udivmoddi4
                0x000000000202fa38      0x128 c:/devkitpro/devkitarm/bin/../lib/gcc/arm-none-eabi/10.2.0\libgcc.a(_udivmoddi4.o)
                0x000000000202fa38                __udivmoddi4
 .text.__udivmoddi4.__stub
                0x000000000202fb60      0x2fc linker stubs
 *(EXCLUDE_FILE(*.twl*) .gnu.warning)
 *(EXCLUDE_FILE(*.twl*) .gnu.linkonce.t*)
 *(.glue_7)
 .glue_7        0x000000000202ff08        0x0 linker stubs
 *(.glue_7t)
 .glue_7t       0x000000000202ff08        0x0 linker stubs
                0x000000000202ff08                . = ALIGN (0x4)

.vfp11_veneer   0x000000000202ff08        0x0
 .vfp11_veneer  0x000000000202ff08        0x0 linker stubs

.v4_bx          0x000000000202ff08        0x0
 .v4_bx         0x000000000202ff08        0x0 linker stubs

.iplt           0x000000000202ff08        0x0
 .iplt          0x000000000202ff08        0x0 c:/devkitpro/devkitarm/bin/../lib/gcc/arm-none-eabi/10.2.0/../../../../arm-none-eabi/lib/ds_arm9_crt0.o

.fini           0x000000000202ff08       0x18
 *(.fini)
 .fini          0x000000000202ff08        0xc c:/devkitpro/devkitarm/bin/../lib/gcc/arm-none-eabi/10.2.0/crti.o
                0x000000000202ff08                _fini
 .fini          0x000000000202ff14        0xc c:/devkitpro/devkitarm/bin/../lib/gcc/arm-none-eabi/10.2.0/crtn.o
                0x000000000202ff20                __text_end = .

.rodata         0x000000000202ff20    0x351c0
 *(EXCLUDE_FILE(*.twl*) .rodata)
 .rodata        0x000000000202ff20      0x13a C:/devkitPro/nitro-engine/lib\libNE.a(NE2D.o)
 *fill*         0x000000000203005a        0x2 ff
 .rodata        0x000000000203005c       0xb5 C:/devkitPro/nitro-engine/lib\libNE.a(NECamera.o)
 *fill*         0x0000000002030111        0x3 ff
 .rodata        0x0000000002030114       0xa9 C:/devkitPro/nitro-engine/lib\libNE.a(NEFormats.o)
 *fill*         0x00000000020301bd        0x3 ff
 .rodata        0x00000000020301c0       0xf5 C:/devkitPro/nitro-engine/lib\libNE.a(NEGeneral.o)
                0x0000000002030264                NE_VersioString
 *fill*         0x00000000020302b5        0x3 ff
 .rodata        0x00000000020302b8      0x176 C:/devkitPro/nitro-engine/lib\libNE.a(NEGUI.o)
 *fill*         0x000000000203042e        0x2 ff
 .rodata        0x0000000002030430      0x1f4 C:/devkitPro/nitro-engine/lib\libNE.a(NEModel.o)
 .rodata        0x0000000002030624       0xda C:/devkitPro/nitro-engine/lib\libNE.a(NEPalette.o)
 *fill*         0x00000000020306fe        0x2 ff
 .rodata        0x0000000002030700      0x165 C:/devkitPro/nitro-engine/lib\libNE.a(NEPhysics.o)
 *fill*         0x0000000002030865        0x3 ff
 .rodata        0x0000000002030868       0x7e C:/devkitPro/nitro-engine/lib\libNE.a(NEPolygon.o)
 *fill*         0x00000000020308e6        0x2 ff
 .rodata        0x00000000020308e8       0x60 C:/devkitPro/nitro-engine/lib\libNE.a(NEText.o)
 .rodata        0x0000000002030948      0x259 C:/devkitPro/nitro-engine/lib\libNE.a(NETexture.o)
 *fill*         0x0000000002030ba1        0x3 ff
 .rodata        0x0000000002030ba4       0x59 C:/devkitPro/nitro-engine/lib\libNE.a(NEAlloc.o)
 *fill*         0x0000000002030bfd        0x3 ff
 .rodata        0x0000000002030c00       0x31 C:/devkitPro/nitro-engine/lib\libNE.a(NEFAT.o)
 *all.rodata*(*)
 *(EXCLUDE_FILE(*.twl*) .roda)
 *(EXCLUDE_FILE(*.twl*) .rodata.*)
 *fill*         0x0000000002030c31        0x3 ff
 .rodata.terrain256_bin
                0x0000000002030c34    0x26438 terrain256.bin.o
                0x0000000002030c34                terrain256_bin
                0x000000000205706c                terrain256_bin_end
 .rodata.text_bmp_bin
                0x000000000205706c     0x4058 text_bmp.bin.o
                0x000000000205706c                text_bmp_bin
                0x000000000205b0c4                text_bmp_bin_end
 .rodata.str1.4
                0x000000000205b0c4       0x1e draw3d.o
 *fill*         0x000000000205b0e2        0x2 ff
 .rodata.str1.4
                0x000000000205b0e4       0x67 main.o
 *fill*         0x000000000205b14b        0x1 ff
 .rodata.str1.4
                0x000000000205b14c       0xcb C:/devkitPro/nitro-engine/lib\libNE.a(NE2D.o)
                                         0xcf (size before relaxing)
 .rodata.str1.4
                0x000000000205b217       0x51 C:/devkitPro/nitro-engine/lib\libNE.a(NECamera.o)
 *fill*         0x000000000205b217        0x1 ff
 .rodata.str1.4
                0x000000000205b218      0x1a8 C:/devkitPro/nitro-engine/lib\libNE.a(NEFormats.o)
                                        0x1cc (size before relaxing)
 .rodata.str1.4
                0x000000000205b3c0      0x117 C:/devkitPro/nitro-engine/lib\libNE.a(NEGeneral.o)
                                        0x123 (size before relaxing)
 *fill*         0x000000000205b4d7        0x1 ff
 .rodata.str1.4
                0x000000000205b4d8       0x68 C:/devkitPro/nitro-engine/lib\libNE.a(NEGUI.o)
                                         0xb9 (size before relaxing)
 .rodata.str1.4
                0x000000000205b540      0x221 C:/devkitPro/nitro-engine/lib\libNE.a(NEModel.o)
                                        0x28d (size before relaxing)
 *fill*         0x000000000205b761        0x3 ff
 .rodata.str1.4
                0x000000000205b764       0xdb C:/devkitPro/nitro-engine/lib\libNE.a(NEPalette.o)
                                        0x163 (size before relaxing)
 *fill*         0x000000000205b83f        0x1 ff
 .rodata.str1.4
                0x000000000205b840      0x132 C:/devkitPro/nitro-engine/lib\libNE.a(NEPhysics.o)
                                        0x19a (size before relaxing)
 *fill*         0x000000000205b972        0x2 ff
 .rodata.str1.4
                0x000000000205b974       0x8a C:/devkitPro/nitro-engine/lib\libNE.a(NEPolygon.o)
                                         0x96 (size before relaxing)
 *fill*         0x000000000205b9fe        0x2 ff
 .rodata.str1.4
                0x000000000205ba00       0x10 C:/devkitPro/nitro-engine/lib\libNE.a(NEText.o)
                                         0x29 (size before relaxing)
 .rodata.str1.4
                0x000000000205ba10      0x166 C:/devkitPro/nitro-engine/lib\libNE.a(NETexture.o)
                                        0x25e (size before relaxing)
 *fill*         0x000000000205bb76        0x2 ff
 .rodata.str1.4
                0x000000000205bb78      0x166 C:/devkitPro/nitro-engine/lib\libNE.a(NEAlloc.o)
                                        0x182 (size before relaxing)
 *fill*         0x000000000205bcde        0x2 ff
 .rodata.str1.4
                0x000000000205bce0       0x3f C:/devkitPro/nitro-engine/lib\libNE.a(NEFAT.o)
                                         0x4b (size before relaxing)
 *fill*         0x000000000205bd1f        0x1 ff
 .rodata.__sassert.str1.4
                0x000000000205bd20       0x42 C:/devkitPro/libnds/lib\libnds9.a(sassert.o)
 *fill*         0x000000000205bd62        0x2 ff
 .rodata.con_write.str1.4
                0x000000000205bd64       0x30 C:/devkitPro/libnds/lib\libnds9.a(console.o)
 .rodata.con_write
                0x000000000205bd94       0xd4 C:/devkitPro/libnds/lib\libnds9.a(console.o)
 .rodata.str1.4
                0x000000000205be68       0x14 C:/devkitPro/libnds/lib\libnds9.a(console.o)
 .rodata.dotab_stdout
                0x000000000205be7c       0x70 C:/devkitPro/libnds/lib\libnds9.a(console.o)
 .rodata.SIN_LUT
                0x000000000205beec      0x102 C:/devkitPro/libnds/lib\libnds9.a(trig.o)
                0x000000000205beec                SIN_LUT
 *fill*         0x000000000205bfee        0x2 ff
 .rodata.TAN_LUT
                0x000000000205bff0      0x204 C:/devkitPro/libnds/lib\libnds9.a(trig.o)
                0x000000000205bff0                TAN_LUT
 *fill*         0x000000000205c1f4        0xc ff
 .rodata.default_font_bin
                0x000000000205c200     0x2000 C:/devkitPro/libnds/lib\libnds9.a(default_font.bin.o)
                0x000000000205c200                default_font_bin
                0x000000000205e200                default_font_bin_end
 .rodata.npio2_hw
                0x000000000205e200       0x80 c:/devkitpro/devkitarm/bin/../lib/gcc/arm-none-eabi/10.2.0/../../../../arm-none-eabi/lib\libm.a(lib_a-e_rem_pio2.o)
 .rodata.two_over_pi
                0x000000000205e280      0x108 c:/devkitpro/devkitarm/bin/../lib/gcc/arm-none-eabi/10.2.0/../../../../arm-none-eabi/lib\libm.a(lib_a-e_rem_pio2.o)
 .rodata.PIo2   0x000000000205e388       0x40 c:/devkitpro/devkitarm/bin/../lib/gcc/arm-none-eabi/10.2.0/../../../../arm-none-eabi/lib\libm.a(lib_a-k_rem_pio2.o)
 .rodata.init_jk
                0x000000000205e3c8       0x10 c:/devkitpro/devkitarm/bin/../lib/gcc/arm-none-eabi/10.2.0/../../../../arm-none-eabi/lib\libm.a(lib_a-k_rem_pio2.o)
 .rodata._global_impure_ptr
                0x000000000205e3d8        0x4 c:/devkitpro/devkitarm/bin/../lib/gcc/arm-none-eabi/10.2.0/../../../../arm-none-eabi/lib\libg.a(lib_a-impure.o)
                0x000000000205e3d8                _global_impure_ptr
 .rodata._puts_r.str1.4
                0x000000000205e3dc        0x2 c:/devkitpro/devkitarm/bin/../lib/gcc/arm-none-eabi/10.2.0/../../../../arm-none-eabi/lib\libg.a(lib_a-puts.o)
 .rodata.basefix.0
                0x000000000205e3dc       0x22 c:/devkitpro/devkitarm/bin/../lib/gcc/arm-none-eabi/10.2.0/../../../../arm-none-eabi/lib\libg.a(lib_a-svfiscanf.o)
 .rodata._svfprintf_r.str1.1
                0x000000000205e3fe       0x3b c:/devkitpro/devkitarm/bin/../lib/gcc/arm-none-eabi/10.2.0/../../../../arm-none-eabi/lib\libg.a(lib_a-svfprintf.o)
 *fill*         0x000000000205e439        0x3 ff
 .rodata.blanks.1
                0x000000000205e43c       0x10 c:/devkitpro/devkitarm/bin/../lib/gcc/arm-none-eabi/10.2.0/../../../../arm-none-eabi/lib\libg.a(lib_a-svfprintf.o)
 .rodata.zeroes.0
                0x000000000205e44c       0x10 c:/devkitpro/devkitarm/bin/../lib/gcc/arm-none-eabi/10.2.0/../../../../arm-none-eabi/lib\libg.a(lib_a-svfprintf.o)
 .rodata._vfiprintf_r.str1.1
                0x000000000205e45c       0x29 c:/devkitpro/devkitarm/bin/../lib/gcc/arm-none-eabi/10.2.0/../../../../arm-none-eabi/lib\libg.a(lib_a-vfiprintf.o)
 .rodata.blanks.1
                0x000000000205e45c       0x10 c:/devkitpro/devkitarm/bin/../lib/gcc/arm-none-eabi/10.2.0/../../../../arm-none-eabi/lib\libg.a(lib_a-vfiprintf.o)
 .rodata.zeroes.0
                0x000000000205e46c       0x10 c:/devkitpro/devkitarm/bin/../lib/gcc/arm-none-eabi/10.2.0/../../../../arm-none-eabi/lib\libg.a(lib_a-vfiprintf.o)
 .rodata._vfprintf_r.str1.1
                0x000000000205e47c       0x3b c:/devkitpro/devkitarm/bin/../lib/gcc/arm-none-eabi/10.2.0/../../../../arm-none-eabi/lib\libg.a(lib_a-vfprintf.o)
 .rodata.blanks.1
                0x000000000205e47c       0x10 c:/devkitpro/devkitarm/bin/../lib/gcc/arm-none-eabi/10.2.0/../../../../arm-none-eabi/lib\libg.a(lib_a-vfprintf.o)
 .rodata.zeroes.0
                0x000000000205e48c       0x10 c:/devkitpro/devkitarm/bin/../lib/gcc/arm-none-eabi/10.2.0/../../../../arm-none-eabi/lib\libg.a(lib_a-vfprintf.o)
 .rodata._ctype_
                0x000000000205e49c      0x101 c:/devkitpro/devkitarm/bin/../lib/gcc/arm-none-eabi/10.2.0/../../../../arm-none-eabi/lib\libg.a(lib_a-ctype_.o)
                0x000000000205e49c                _ctype_
 *fill*         0x000000000205e59d        0x3 ff
 .rodata._dtoa_r.str1.4
                0x000000000205e5a0       0x61 c:/devkitpro/devkitarm/bin/../lib/gcc/arm-none-eabi/10.2.0/../../../../arm-none-eabi/lib\libg.a(lib_a-dtoa.o)
 *fill*         0x000000000205e601        0x3 ff
 .rodata.str1.4
                0x000000000205e604       0x44 c:/devkitpro/devkitarm/bin/../lib/gcc/arm-none-eabi/10.2.0/../../../../arm-none-eabi/lib\libg.a(lib_a-locale.o)
                                         0x4c (size before relaxing)
 .rodata._mbrtowc_r.str1.4
                0x000000000205e648        0x1 c:/devkitpro/devkitarm/bin/../lib/gcc/arm-none-eabi/10.2.0/../../../../arm-none-eabi/lib\libg.a(lib_a-mbrtowc.o)
 .rodata.__multadd.str1.4
                0x000000000205e648       0x3a c:/devkitpro/devkitarm/bin/../lib/gcc/arm-none-eabi/10.2.0/../../../../arm-none-eabi/lib\libg.a(lib_a-mprec.o)
                                         0x4e (size before relaxing)
 *fill*         0x000000000205e682        0x6 ff
 .rodata.__mprec_bigtens
                0x000000000205e688       0x28 c:/devkitpro/devkitarm/bin/../lib/gcc/arm-none-eabi/10.2.0/../../../../arm-none-eabi/lib\libg.a(lib_a-mprec.o)
                0x000000000205e688                __mprec_bigtens
 .rodata.__mprec_tens
                0x000000000205e6b0       0xc8 c:/devkitpro/devkitarm/bin/../lib/gcc/arm-none-eabi/10.2.0/../../../../arm-none-eabi/lib\libg.a(lib_a-mprec.o)
                0x000000000205e6b0                __mprec_tens
 .rodata.p05.0  0x000000000205e778        0xc c:/devkitpro/devkitarm/bin/../lib/gcc/arm-none-eabi/10.2.0/../../../../arm-none-eabi/lib\libg.a(lib_a-mprec.o)
 .rodata.__action_table
                0x000000000205e784       0x6c c:/devkitpro/devkitarm/bin/../lib/gcc/arm-none-eabi/10.2.0/../../../../arm-none-eabi/lib\libg.a(lib_a-svfiprintf.o)
                0x000000000205e784                __action_table
 .rodata.__chclass
                0x000000000205e7f0      0x100 c:/devkitpro/devkitarm/bin/../lib/gcc/arm-none-eabi/10.2.0/../../../../arm-none-eabi/lib\libg.a(lib_a-svfiprintf.o)
                0x000000000205e7f0                __chclass
 .rodata.__state_table
                0x000000000205e8f0       0x6c c:/devkitpro/devkitarm/bin/../lib/gcc/arm-none-eabi/10.2.0/../../../../arm-none-eabi/lib\libg.a(lib_a-svfiprintf.o)
                0x000000000205e8f0                __state_table
 .rodata.__assert_func.str1.4
                0x000000000205e95c       0x3f c:/devkitpro/devkitarm/bin/../lib/gcc/arm-none-eabi/10.2.0/../../../../arm-none-eabi/lib\libg.a(lib_a-assert.o)
                                         0x43 (size before relaxing)
 *fill*         0x000000000205e99b        0x1 ff
 .rodata._jp2uc_l.str1.4
                0x000000000205e99c       0x12 c:/devkitpro/devkitarm/bin/../lib/gcc/arm-none-eabi/10.2.0/../../../../arm-none-eabi/lib\libg.a(lib_a-jp2uc.o)
 *fill*         0x000000000205e9ae        0x2 ff
 .rodata.a1     0x000000000205e9b0       0xbc c:/devkitpro/devkitarm/bin/../lib/gcc/arm-none-eabi/10.2.0/../../../../arm-none-eabi/lib\libg.a(lib_a-jp2uc.o)
 .rodata.a2     0x000000000205ea6c       0xbc c:/devkitpro/devkitarm/bin/../lib/gcc/arm-none-eabi/10.2.0/../../../../arm-none-eabi/lib\libg.a(lib_a-jp2uc.o)
 .rodata.a3     0x000000000205eb28       0x5b c:/devkitpro/devkitarm/bin/../lib/gcc/arm-none-eabi/10.2.0/../../../../arm-none-eabi/lib\libg.a(lib_a-jp2uc.o)
 *fill*         0x000000000205eb83        0x1 ff
 .rodata.a6     0x000000000205eb84       0x70 c:/devkitpro/devkitarm/bin/../lib/gcc/arm-none-eabi/10.2.0/../../../../arm-none-eabi/lib\libg.a(lib_a-jp2uc.o)
 .rodata.a7     0x000000000205ebf4       0xa2 c:/devkitpro/devkitarm/bin/../lib/gcc/arm-none-eabi/10.2.0/../../../../arm-none-eabi/lib\libg.a(lib_a-jp2uc.o)
 *fill*         0x000000000205ec96        0x2 ff
 .rodata.a8     0x000000000205ec98       0x40 c:/devkitpro/devkitarm/bin/../lib/gcc/arm-none-eabi/10.2.0/../../../../arm-none-eabi/lib\libg.a(lib_a-jp2uc.o)
 .rodata.b02cf  0x000000000205ecd8     0x172a c:/devkitpro/devkitarm/bin/../lib/gcc/arm-none-eabi/10.2.0/../../../../arm-none-eabi/lib\libg.a(lib_a-jp2uc.o)
 *fill*         0x0000000002060402        0x2 ff
 .rodata.d02f4  0x0000000002060404     0x1a7c c:/devkitpro/devkitarm/bin/../lib/gcc/arm-none-eabi/10.2.0/../../../../arm-none-eabi/lib\libg.a(lib_a-jp2uc.o)
 .rodata.categories
                0x0000000002061e80     0x31e6 c:/devkitpro/devkitarm/bin/../lib/gcc/arm-none-eabi/10.2.0/../../../../arm-none-eabi/lib\libg.a(lib_a-categories.o)
 *fill*         0x0000000002065066        0x2 ff
 .rodata.AddDevice.str1.4
                0x0000000002065068        0x8 c:/devkitpro/devkitarm/bin/../lib/gcc/arm-none-eabi/10.2.0/../../../../arm-none-eabi/lib\libsysbase.a(iosupport.o)
 .rodata.dotab_stdnull
                0x0000000002065070       0x70 c:/devkitpro/devkitarm/bin/../lib/gcc/arm-none-eabi/10.2.0/../../../../arm-none-eabi/lib\libsysbase.a(iosupport.o)
                0x0000000002065070                dotab_stdnull
 *(EXCLUDE_FILE(*.twl*) .gnu.linkonce.r*)
                0x00000000020650e0                . = ALIGN (0x4)

.ARM.extab
 *(.ARM.extab* .gnu.linkonce.armextab.*)
                0x00000000020650e0                __exidx_start = .

ARM.exidx
 *(.ARM.exidx* .gnu.linkonce.armexidx.*)
                0x00000000020650e0                __exidx_end = .
                0x00000000020650e0                . = ALIGN (0x4)
                0x00000000020650e0                PROVIDE (__preinit_array_start = .)

.preinit_array
 *(.preinit_array)
                0x00000000020650e0                PROVIDE (__preinit_array_end = .)
                0x00000000020650e0                PROVIDE (__init_array_start = .)

.init_array     0x00000000020650e0        0x4
 *(SORT_BY_NAME(.init_array.*))
 *(.init_array)
 .init_array    0x00000000020650e0        0x4 c:/devkitpro/devkitarm/bin/../lib/gcc/arm-none-eabi/10.2.0/crtbegin.o
                0x00000000020650e4                PROVIDE (__init_array_end = .)
                [!provide]                        PROVIDE (__fini_array_start = .)

.fini_array     0x00000000020650e4        0x4
 *(.fini_array)
 .fini_array    0x00000000020650e4        0x4 c:/devkitpro/devkitarm/bin/../lib/gcc/arm-none-eabi/10.2.0/crtbegin.o
 *(SORT_BY_NAME(.fini_array.*))
                [!provide]                        PROVIDE (__fini_array_end = .)

.ctors          0x00000000020650e8        0x0
 *crtbegin.o(.ctors)
 *(EXCLUDE_FILE(*crtend.o) .ctors)
 *(SORT_BY_NAME(.ctors.*))
 *(.ctors)
                0x00000000020650e8                . = ALIGN (0x4)

.dtors          0x00000000020650e8        0x0
 *crtbegin.o(.dtors)
 *(EXCLUDE_FILE(*crtend.o) .dtors)
 *(SORT_BY_NAME(.dtors.*))
 *(.dtors)
                0x00000000020650e8                . = ALIGN (0x4)

.eh_frame       0x00000000020650e8        0x4
 *(.eh_frame)
 .eh_frame      0x00000000020650e8        0x0 c:/devkitpro/devkitarm/bin/../lib/gcc/arm-none-eabi/10.2.0/crtbegin.o
 .eh_frame      0x00000000020650e8        0x4 c:/devkitpro/devkitarm/bin/../lib/gcc/arm-none-eabi/10.2.0/crtend.o
                0x00000000020650ec                . = ALIGN (0x4)

.rel.dyn        0x00000000020650ec        0x0
 .rel.iplt      0x00000000020650ec        0x0 c:/devkitpro/devkitarm/bin/../lib/gcc/arm-none-eabi/10.2.0/../../../../arm-none-eabi/lib/ds_arm9_crt0.o

.gcc_except_table
                0x00000000020650ec        0x0
 *(.gcc_except_table)
                0x00000000020650ec                . = ALIGN (0x4)

.jcr
 *(.jcr)

.got
 *(.got.plt)
 *(.got)
 *(.rel.got)

.ewram          0x00000000020650ec        0x0
                0x00000000020650ec                __ewram_start = ABSOLUTE (.)
 *(.ewram)
 *ewram.*(.text)
                0x00000000020650ec                . = ALIGN (0x4)

.data           0x00000000020650ec     0x1ddc
                0x00000000020650ec                __data_start = ABSOLUTE (.)
 *(EXCLUDE_FILE(*.twl*) .data)
 .data          0x00000000020650ec        0x4 draw3d.o
                0x00000000020650ec                maxCpu
 .data          0x00000000020650f0       0x10 main.o
                0x00000000020650f0                playerAngleY
                0x00000000020650f4                CameraAngleX
                0x00000000020650f8                noiseScale
                0x00000000020650fc                seed
 .data          0x0000000002065100      0x200 noise.o
                0x0000000002065100                perm
 .data          0x0000000002065300        0xc C:/devkitPro/nitro-engine/lib\libNE.a(NEGeneral.o)
 .data          0x000000000206530c       0x28 C:/devkitPro/libnds/lib\libnds9.a(mpu_setup.o)
 *(EXCLUDE_FILE(*.twl*) .data.*)
 .data.currentConsole
                0x0000000002065334        0x4 C:/devkitPro/libnds/lib\libnds9.a(console.o)
                0x0000000002065334                currentConsole
 .data.defaultConsole
                0x0000000002065338       0x5c C:/devkitPro/libnds/lib\libnds9.a(console.o)
                0x0000000002065338                defaultConsole
 .data.firstConsoleInit.0
                0x0000000002065394        0x1 C:/devkitPro/libnds/lib\libnds9.a(console.o)
 .data.count    0x0000000002065395        0x1 C:/devkitPro/libnds/lib\libnds9.a(keys.o)
 .data.delay    0x0000000002065396        0x1 C:/devkitPro/libnds/lib\libnds9.a(keys.o)